../App/Src/quaternion.c:13:14:quat_mulByNum	136	static
../App/Src/quaternion.c:25:14:quat_sum	128	static
../App/Src/quaternion.c:34:6:quat_add	16	static
../App/Src/quaternion.c:41:6:quat_sub	16	static
../App/Src/quaternion.c:49:8:quat_getNorm	32	static
../App/Src/quaternion.c:55:6:quat_normalize	16	static
../App/Src/quaternion.c:60:14:quat_getConj	128	static
../App/Src/quaternion.c:74:14:quat_getInverted	136	static
../App/Src/quaternion.c:83:14:quat_mulByQuat	128	static
../App/Src/quaternion.c:95:14:quat_mulByVec	128	static
../App/Src/quaternion.c:102:10:vec_rotate	192	static
../App/Src/quaternion.c:118:5:vecToMatrix	32	static
../App/Src/quaternion.c:132:5:quatToMatrix	32	static
../App/Src/quaternion.c:148:14:vecToQuat	128	static
../App/Src/quaternion.c:158:5:matrixToQuat	16	static
../App/Src/quaternion.c:172:14:quat_init	152	static
../App/Src/quaternion.c:178:14:quat_zero	88	static
../App/Src/quaternion.c:183:10:vec_init	112	static
../App/Src/quaternion.c:189:10:vec_zero	64	static
../App/Src/quaternion.c:194:6:quat_print	56	static
