Archive member included to satisfy reference by file (symbol)

/usr/lib/gcc/arm-none-eabi/10.2.0/../../../../arm-none-eabi/lib/thumb/v7e-m+fp/hard/libc_nano.a(lib_a-assert.o)
                              App/Src/lds.o (__assert_func)
/usr/lib/gcc/arm-none-eabi/10.2.0/../../../../arm-none-eabi/lib/thumb/v7e-m+fp/hard/libc_nano.a(lib_a-atexit.o)
                              /usr/lib/gcc/arm-none-eabi/10.2.0/../../../../arm-none-eabi/lib/thumb/v7e-m+fp/hard/crt0.o (atexit)
/usr/lib/gcc/arm-none-eabi/10.2.0/../../../../arm-none-eabi/lib/thumb/v7e-m+fp/hard/libc_nano.a(lib_a-errno.o)
                              Core/Src/syscalls.o (__errno)
/usr/lib/gcc/arm-none-eabi/10.2.0/../../../../arm-none-eabi/lib/thumb/v7e-m+fp/hard/libc_nano.a(lib_a-exit.o)
                              /usr/lib/gcc/arm-none-eabi/10.2.0/../../../../arm-none-eabi/lib/thumb/v7e-m+fp/hard/crt0.o (exit)
/usr/lib/gcc/arm-none-eabi/10.2.0/../../../../arm-none-eabi/lib/thumb/v7e-m+fp/hard/libc_nano.a(lib_a-fini.o)
                              /usr/lib/gcc/arm-none-eabi/10.2.0/../../../../arm-none-eabi/lib/thumb/v7e-m+fp/hard/crt0.o (__libc_fini_array)
/usr/lib/gcc/arm-none-eabi/10.2.0/../../../../arm-none-eabi/lib/thumb/v7e-m+fp/hard/libc_nano.a(lib_a-fprintf.o)
                              /usr/lib/gcc/arm-none-eabi/10.2.0/../../../../arm-none-eabi/lib/thumb/v7e-m+fp/hard/libc_nano.a(lib_a-assert.o) (fiprintf)
/usr/lib/gcc/arm-none-eabi/10.2.0/../../../../arm-none-eabi/lib/thumb/v7e-m+fp/hard/libc_nano.a(lib_a-fwrite.o)
                              App/Src/matrix.o (fwrite)
/usr/lib/gcc/arm-none-eabi/10.2.0/../../../../arm-none-eabi/lib/thumb/v7e-m+fp/hard/libc_nano.a(lib_a-impure.o)
                              /usr/lib/gcc/arm-none-eabi/10.2.0/../../../../arm-none-eabi/lib/thumb/v7e-m+fp/hard/libc_nano.a(lib_a-exit.o) (_global_impure_ptr)
/usr/lib/gcc/arm-none-eabi/10.2.0/../../../../arm-none-eabi/lib/thumb/v7e-m+fp/hard/libc_nano.a(lib_a-init.o)
                              /usr/lib/gcc/arm-none-eabi/10.2.0/../../../../arm-none-eabi/lib/thumb/v7e-m+fp/hard/crt0.o (__libc_init_array)
/usr/lib/gcc/arm-none-eabi/10.2.0/../../../../arm-none-eabi/lib/thumb/v7e-m+fp/hard/libc_nano.a(lib_a-lock.o)
                              /usr/lib/gcc/arm-none-eabi/10.2.0/../../../../arm-none-eabi/lib/thumb/v7e-m+fp/hard/libc_nano.a(lib_a-fwrite.o) (__retarget_lock_acquire_recursive)
/usr/lib/gcc/arm-none-eabi/10.2.0/../../../../arm-none-eabi/lib/thumb/v7e-m+fp/hard/libc_nano.a(lib_a-malloc.o)
                              App/Src/matrix.o (malloc)
/usr/lib/gcc/arm-none-eabi/10.2.0/../../../../arm-none-eabi/lib/thumb/v7e-m+fp/hard/libc_nano.a(lib_a-memset.o)
                              /usr/lib/gcc/arm-none-eabi/10.2.0/../../../../arm-none-eabi/lib/thumb/v7e-m+fp/hard/crt0.o (memset)
/usr/lib/gcc/arm-none-eabi/10.2.0/../../../../arm-none-eabi/lib/thumb/v7e-m+fp/hard/libc_nano.a(lib_a-nano-freer.o)
                              /usr/lib/gcc/arm-none-eabi/10.2.0/../../../../arm-none-eabi/lib/thumb/v7e-m+fp/hard/libc_nano.a(lib_a-malloc.o) (_free_r)
/usr/lib/gcc/arm-none-eabi/10.2.0/../../../../arm-none-eabi/lib/thumb/v7e-m+fp/hard/libc_nano.a(lib_a-nano-mallocr.o)
                              /usr/lib/gcc/arm-none-eabi/10.2.0/../../../../arm-none-eabi/lib/thumb/v7e-m+fp/hard/libc_nano.a(lib_a-malloc.o) (_malloc_r)
/usr/lib/gcc/arm-none-eabi/10.2.0/../../../../arm-none-eabi/lib/thumb/v7e-m+fp/hard/libc_nano.a(lib_a-nano-vfprintf_float.o)
                              (_printf_float)
/usr/lib/gcc/arm-none-eabi/10.2.0/../../../../arm-none-eabi/lib/thumb/v7e-m+fp/hard/libc_nano.a(lib_a-nano-vfprintf_i.o)
                              /usr/lib/gcc/arm-none-eabi/10.2.0/../../../../arm-none-eabi/lib/thumb/v7e-m+fp/hard/libc_nano.a(lib_a-nano-vfprintf_float.o) (_printf_common)
/usr/lib/gcc/arm-none-eabi/10.2.0/../../../../arm-none-eabi/lib/thumb/v7e-m+fp/hard/libc_nano.a(lib_a-nano-vfprintf.o)
                              /usr/lib/gcc/arm-none-eabi/10.2.0/../../../../arm-none-eabi/lib/thumb/v7e-m+fp/hard/libc_nano.a(lib_a-fprintf.o) (_vfprintf_r)
/usr/lib/gcc/arm-none-eabi/10.2.0/../../../../arm-none-eabi/lib/thumb/v7e-m+fp/hard/libc_nano.a(lib_a-printf.o)
                              App/Src/tmain.o (printf)
/usr/lib/gcc/arm-none-eabi/10.2.0/../../../../arm-none-eabi/lib/thumb/v7e-m+fp/hard/libc_nano.a(lib_a-realloc.o)
                              App/Src/matrix.o (realloc)
/usr/lib/gcc/arm-none-eabi/10.2.0/../../../../arm-none-eabi/lib/thumb/v7e-m+fp/hard/libc_nano.a(lib_a-sbrkr.o)
                              /usr/lib/gcc/arm-none-eabi/10.2.0/../../../../arm-none-eabi/lib/thumb/v7e-m+fp/hard/libc_nano.a(lib_a-nano-mallocr.o) (_sbrk_r)
/usr/lib/gcc/arm-none-eabi/10.2.0/../../../../arm-none-eabi/lib/thumb/v7e-m+fp/hard/libc_nano.a(lib_a-strlen.o)
                              /usr/lib/gcc/arm-none-eabi/10.2.0/../../../../arm-none-eabi/lib/thumb/v7e-m+fp/hard/libc_nano.a(lib_a-nano-vfprintf_float.o) (strlen)
[...]
Memory Configuration

Name             Origin             Length             Attributes
CCMRAM           0x0000000010000000 0x0000000000010000 xrw
RAM              0x0000000020000000 0x0000000000020000 xrw
FLASH            0x0000000008000000 0x0000000000080000 xr
*default*        0x0000000000000000 0xffffffffffffffff

Linker script and memory map

LOAD /usr/lib/gcc/arm-none-eabi/10.2.0/thumb/v7e-m+fp/hard/crti.o
LOAD /usr/lib/gcc/arm-none-eabi/10.2.0/thumb/v7e-m+fp/hard/crtbegin.o
LOAD /usr/lib/gcc/arm-none-eabi/10.2.0/../../../../arm-none-eabi/lib/thumb/v7e-m+fp/hard/crt0.o
LOAD App/Src/lds.o
LOAD App/Src/matrix.o
LOAD App/Src/tmain.o
LOAD Core/Src/main.o
LOAD Core/Src/stm32f4xx_hal_msp.o
LOAD Core/Src/stm32f4xx_it.o
LOAD Core/Src/syscalls.o
LOAD Core/Src/sysmem.o
LOAD Core/Src/system_stm32f4xx.o
LOAD Core/Startup/startup_stm32f407zetx.o
LOAD Drivers/STM32F4xx_HAL_Driver/Src/stm32f4xx_hal.o
LOAD Drivers/STM32F4xx_HAL_Driver/Src/stm32f4xx_hal_adc.o
LOAD Drivers/STM32F4xx_HAL_Driver/Src/stm32f4xx_hal_adc_ex.o
LOAD Drivers/STM32F4xx_HAL_Driver/Src/stm32f4xx_hal_cortex.o
LOAD Drivers/STM32F4xx_HAL_Driver/Src/stm32f4xx_hal_dma.o
LOAD Drivers/STM32F4xx_HAL_Driver/Src/stm32f4xx_hal_dma_ex.o
LOAD Drivers/STM32F4xx_HAL_Driver/Src/stm32f4xx_hal_exti.o
LOAD Drivers/STM32F4xx_HAL_Driver/Src/stm32f4xx_hal_flash.o
LOAD Drivers/STM32F4xx_HAL_Driver/Src/stm32f4xx_hal_flash_ex.o
LOAD Drivers/STM32F4xx_HAL_Driver/Src/stm32f4xx_hal_flash_ramfunc.o
LOAD Drivers/STM32F4xx_HAL_Driver/Src/stm32f4xx_hal_gpio.o
LOAD Drivers/STM32F4xx_HAL_Driver/Src/stm32f4xx_hal_pwr.o
LOAD Drivers/STM32F4xx_HAL_Driver/Src/stm32f4xx_hal_pwr_ex.o
LOAD Drivers/STM32F4xx_HAL_Driver/Src/stm32f4xx_hal_rcc.o
LOAD Drivers/STM32F4xx_HAL_Driver/Src/stm32f4xx_hal_rcc_ex.o
LOAD Drivers/STM32F4xx_HAL_Driver/Src/stm32f4xx_hal_tim.o
LOAD Drivers/STM32F4xx_HAL_Driver/Src/stm32f4xx_hal_tim_ex.o
LOAD Drivers/STM32F4xx_HAL_Driver/Src/stm32f4xx_hal_uart.o
LOAD Drivers/STM32F4xx_HAL_Driver/Src/stm32f4xx_ll_adc.o
START GROUP
LOAD /usr/lib/gcc/arm-none-eabi/10.2.0/../../../../arm-none-eabi/lib/thumb/v7e-m+fp/hard/libc_nano.a
LOAD /usr/lib/gcc/arm-none-eabi/10.2.0/../../../../arm-none-eabi/lib/thumb/v7e-m+fp/hard/libm.a
END GROUP
START GROUP
LOAD /usr/lib/gcc/arm-none-eabi/10.2.0/thumb/v7e-m+fp/hard/libgcc.a
LOAD /usr/lib/gcc/arm-none-eabi/10.2.0/../../../../arm-none-eabi/lib/thumb/v7e-m+fp/hard/libc_nano.a
END GROUP
START GROUP
LOAD /usr/lib/gcc/arm-none-eabi/10.2.0/thumb/v7e-m+fp/hard/libgcc.a
LOAD /usr/lib/gcc/arm-none-eabi/10.2.0/../../../../arm-none-eabi/lib/thumb/v7e-m+fp/hard/libc_nano.a
LOAD /usr/lib/gcc/arm-none-eabi/10.2.0/../../../../arm-none-eabi/lib/thumb/v7e-m+fp/hard/libnosys.a
END GROUP
START GROUP
LOAD /usr/lib/gcc/arm-none-eabi/10.2.0/thumb/v7e-m+fp/hard/libgcc.a
LOAD /usr/lib/gcc/arm-none-eabi/10.2.0/../../../../arm-none-eabi/lib/thumb/v7e-m+fp/hard/libc_nano.a
LOAD /usr/lib/gcc/arm-none-eabi/10.2.0/../../../../arm-none-eabi/lib/thumb/v7e-m+fp/hard/libnosys.a
END GROUP
LOAD /usr/lib/gcc/arm-none-eabi/10.2.0/thumb/v7e-m+fp/hard/crtend.o
LOAD /usr/lib/gcc/arm-none-eabi/10.2.0/thumb/v7e-m+fp/hard/crtn.o
                0x0000000020020000                _estack = (ORIGIN (RAM) + LENGTH (RAM))
                0x0000000000000200                _Min_Heap_Size = 0x200
                0x0000000000000400                _Min_Stack_Size = 0x400

.isr_vector     0x0000000008000000      0x188
                0x0000000008000000                . = ALIGN (0x4)
 *(.isr_vector)
 .isr_vector    0x0000000008000000      0x188 Core/Startup/startup_stm32f407zetx.o
                0x0000000008000000                g_pfnVectors
                0x0000000008000188                . = ALIGN (0x4)

.text           0x0000000008000190     0x7534
                0x0000000008000190                . = ALIGN (0x4)
 *(.text)
 .text          0x0000000008000190       0x10 /usr/lib/gcc/arm-none-eabi/10.2.0/../../../../arm-none-eabi/lib/thumb/v7e-m+fp/hard/libc_nano.a(lib_a-strlen.o)
                0x0000000008000190                strlen
 .text          0x00000000080001a0       0xa0 /usr/lib/gcc/arm-none-eabi/10.2.0/../../../../arm-none-eabi/lib/thumb/v7e-m+fp/hard/libc_nano.a(lib_a-memchr.o)
                0x00000000080001a0                memchr
 .text          0x0000000008000240      0x378 /usr/lib/gcc/arm-none-eabi/10.2.0/thumb/v7e-m+fp/hard/libgcc.a(_arm_addsubdf3.o)
                0x0000000008000240                __aeabi_drsub
                0x0000000008000248                __aeabi_dsub
                0x0000000008000248                __subdf3
                0x000000000800024c                __adddf3
                0x000000000800024c                __aeabi_dadd
                0x00000000080004c4                __aeabi_ui2d
                0x00000000080004c4                __floatunsidf
                0x00000000080004e4                __floatsidf
                0x00000000080004e4                __aeabi_i2d
                0x0000000008000508                __extendsfdf2
                0x0000000008000508                __aeabi_f2d
                0x000000000800054c                __aeabi_ul2d
                0x000000000800054c                __floatundidf
                0x000000000800055c                __floatdidf
                0x000000000800055c                __aeabi_l2d
 .text          0x00000000080005b8      0x424 /usr/lib/gcc/arm-none-eabi/10.2.0/thumb/v7e-m+fp/hard/libgcc.a(_arm_muldivdf3.o)
                0x00000000080005b8                __aeabi_dmul
                0x00000000080005b8                __muldf3
                0x000000000800080c                __aeabi_ddiv
                0x000000000800080c                __divdf3
 .text          0x00000000080009dc      0x110 /usr/lib/gcc/arm-none-eabi/10.2.0/thumb/v7e-m+fp/hard/libgcc.a(_arm_cmpdf2.o)
                0x00000000080009dc                __gtdf2
                0x00000000080009dc                __gedf2
                0x00000000080009e4                __ltdf2
                0x00000000080009e4                __ledf2
                0x00000000080009ec                __cmpdf2
                0x00000000080009ec                __eqdf2
                0x00000000080009ec                __nedf2
                0x0000000008000a68                __aeabi_cdrcmple
                0x0000000008000a78                __aeabi_cdcmple
                0x0000000008000a78                __aeabi_cdcmpeq
                0x0000000008000a88                __aeabi_dcmpeq
                0x0000000008000a9c                __aeabi_dcmplt
                0x0000000008000ab0                __aeabi_dcmple
                0x0000000008000ac4                __aeabi_dcmpge
                0x0000000008000ad8                __aeabi_dcmpgt
 .text          0x0000000008000aec       0x2c /usr/lib/gcc/arm-none-eabi/10.2.0/thumb/v7e-m+fp/hard/libgcc.a(_arm_unorddf2.o)
                0x0000000008000aec                __aeabi_dcmpun
                0x0000000008000aec                __unorddf2
 .text          0x0000000008000b18       0x50 /usr/lib/gcc/arm-none-eabi/10.2.0/thumb/v7e-m+fp/hard/libgcc.a(_arm_fixdfsi.o)
                0x0000000008000b18                __fixdfsi
                0x0000000008000b18                __aeabi_d2iz
 .text          0x0000000008000b68       0xa0 /usr/lib/gcc/arm-none-eabi/10.2.0/thumb/v7e-m+fp/hard/libgcc.a(_arm_truncdfsf2.o)
                0x0000000008000b68                __aeabi_d2f
                0x0000000008000b68                __truncdfsf2
 .text          0x0000000008000c08       0x30 /usr/lib/gcc/arm-none-eabi/10.2.0/thumb/v7e-m+fp/hard/libgcc.a(_aeabi_uldivmod.o)
                0x0000000008000c08                __aeabi_uldivmod
 .text          0x0000000008000c38        0x4 /usr/lib/gcc/arm-none-eabi/10.2.0/thumb/v7e-m+fp/hard/libgcc.a(_dvmd_tls.o)
                0x0000000008000c38                __aeabi_ldiv0
                0x0000000008000c38                __aeabi_idiv0
 *(.text*)
 .text.__do_global_dtors_aux
                0x0000000008000c3c       0x24 /usr/lib/gcc/arm-none-eabi/10.2.0/thumb/v7e-m+fp/hard/crtbegin.o
 .text.frame_dummy
                0x0000000008000c60       0x1c /usr/lib/gcc/arm-none-eabi/10.2.0/thumb/v7e-m+fp/hard/crtbegin.o
 .text.lds_init
                0x0000000008000c7c      0x130 App/Src/lds.o
                0x0000000008000c7c                lds_init
 .text.matrix_isInRange
                0x0000000008000dac       0x3e App/Src/matrix.o
                0x0000000008000dac                matrix_isInRange
 *fill*         0x0000000008000dea        0x2 
 .text.matrix_at
                0x0000000008000dec       0x58 App/Src/matrix.o
                0x0000000008000dec                matrix_at
 .text.matrix_multiplicate
                0x0000000008000e44       0xf0 App/Src/matrix.o
                0x0000000008000e44                matrix_multiplicate
 .text.matrix_swapRows
                0x0000000008000f34       0x98 App/Src/matrix.o
                0x0000000008000f34                matrix_swapRows
 .text.matrix_mulRowNum
                0x0000000008000fcc       0x70 App/Src/matrix.o
                0x0000000008000fcc                matrix_mulRowNum
 .text.matrix_addRow
                0x000000000800103c       0xa4 App/Src/matrix.o
                0x000000000800103c                matrix_addRow
 .text.matrix_transpose
                0x00000000080010e0       0xe6 App/Src/matrix.o
                0x00000000080010e0                matrix_transpose
 *fill*         0x00000000080011c6        0x2 
 .text.matrix_inverse_and_multiplicate_left
                0x00000000080011c8      0x204 App/Src/matrix.o
                0x00000000080011c8                matrix_inverse_and_multiplicate_left
 .text.matrix_copy
                0x00000000080013cc       0xac App/Src/matrix.o
                0x00000000080013cc                matrix_copy
 .text.matrix_setSize
                0x0000000008001478       0x24 App/Src/matrix.o
                0x0000000008001478                matrix_setSize
 .text.matrix_norm
                0x000000000800149c       0x7a App/Src/matrix.o
                0x000000000800149c                matrix_norm
 .text.matrix_checkSize
                0x0000000008001516       0x32 App/Src/matrix.o
                0x0000000008001516                matrix_checkSize
 .text._read    0x0000000008001548       0x34 App/Src/tmain.o
                0x0000000008001548                _read
 .text._write   0x000000000800157c       0x34 App/Src/tmain.o
                0x000000000800157c                _write
 .text.degrees  0x00000000080015b0       0x54 App/Src/tmain.o
                0x00000000080015b0                degrees
 *fill*         0x0000000008001604        0x4 
 .text.tmain    0x0000000008001608      0x2ac App/Src/tmain.o
                0x0000000008001608                tmain
 .text.main     0x00000000080018b4       0x1e Core/Src/main.o
                0x00000000080018b4                main
 *fill*         0x00000000080018d2        0x2 
 .text.SystemClock_Config
                0x00000000080018d4       0xbc Core/Src/main.o
                0x00000000080018d4                SystemClock_Config
 .text.MX_ADC1_Init
                0x0000000008001990       0xdc Core/Src/main.o
 .text.MX_USART1_UART_Init
                0x0000000008001a6c       0x54 Core/Src/main.o
 .text.MX_GPIO_Init
                0x0000000008001ac0       0xd0 Core/Src/main.o
 .text.Error_Handler
                0x0000000008001b90        0xe Core/Src/main.o
                0x0000000008001b90                Error_Handler
 *fill*         0x0000000008001b9e        0x2 
 .text.HAL_MspInit
                0x0000000008001ba0       0x50 Core/Src/stm32f4xx_hal_msp.o
                0x0000000008001ba0                HAL_MspInit
 .text.HAL_ADC_MspInit
                0x0000000008001bf0       0x88 Core/Src/stm32f4xx_hal_msp.o
                0x0000000008001bf0                HAL_ADC_MspInit
 .text.HAL_UART_MspInit
                0x0000000008001c78       0x90 Core/Src/stm32f4xx_hal_msp.o
                0x0000000008001c78                HAL_UART_MspInit
 .text.NMI_Handler
                0x0000000008001d08        0xe Core/Src/stm32f4xx_it.o
                0x0000000008001d08                NMI_Handler
 .text.HardFault_Handler
                0x0000000008001d16        0x6 Core/Src/stm32f4xx_it.o
                0x0000000008001d16                HardFault_Handler
 .text.MemManage_Handler
                0x0000000008001d1c        0x6 Core/Src/stm32f4xx_it.o
                0x0000000008001d1c                MemManage_Handler
 .text.BusFault_Handler
                0x0000000008001d22        0x6 Core/Src/stm32f4xx_it.o
                0x0000000008001d22                BusFault_Handler
 .text.UsageFault_Handler
                0x0000000008001d28        0x6 Core/Src/stm32f4xx_it.o
                0x0000000008001d28                UsageFault_Handler
 .text.SVC_Handler
                0x0000000008001d2e        0xe Core/Src/stm32f4xx_it.o
                0x0000000008001d2e                SVC_Handler
 .text.DebugMon_Handler
                0x0000000008001d3c        0xe Core/Src/stm32f4xx_it.o
                0x0000000008001d3c                DebugMon_Handler
 .text.PendSV_Handler
                0x0000000008001d4a        0xe Core/Src/stm32f4xx_it.o
                0x0000000008001d4a                PendSV_Handler
 .text.SysTick_Handler
                0x0000000008001d58        0xc Core/Src/stm32f4xx_it.o
                0x0000000008001d58                SysTick_Handler
 .text._getpid  0x0000000008001d64       0x10 Core/Src/syscalls.o
                0x0000000008001d64                _getpid
 .text._kill    0x0000000008001d74       0x20 Core/Src/syscalls.o
                0x0000000008001d74                _kill
 .text._exit    0x0000000008001d94       0x14 Core/Src/syscalls.o
                0x0000000008001d94                _exit
 .text._close   0x0000000008001da8       0x18 Core/Src/syscalls.o
                0x0000000008001da8                _close
 .text._fstat   0x0000000008001dc0       0x20 Core/Src/syscalls.o
                0x0000000008001dc0                _fstat
 .text._isatty  0x0000000008001de0       0x16 Core/Src/syscalls.o
                0x0000000008001de0                _isatty
 .text._lseek   0x0000000008001df6       0x1a Core/Src/syscalls.o
                0x0000000008001df6                _lseek
 .text._sbrk    0x0000000008001e10       0x6c Core/Src/sysmem.o
                0x0000000008001e10                _sbrk
 .text.SystemInit
                0x0000000008001e7c       0x2c Core/Src/system_stm32f4xx.o
                0x0000000008001e7c                SystemInit
 .text.Reset_Handler
                0x0000000008001ea8       0x50 Core/Startup/startup_stm32f407zetx.o
                0x0000000008001ea8                Reset_Handler
 .text.Default_Handler
                0x0000000008001ef8        0x2 Core/Startup/startup_stm32f407zetx.o
                0x0000000008001ef8                RTC_Alarm_IRQHandler
                0x0000000008001ef8                HASH_RNG_IRQHandler
                0x0000000008001ef8                EXTI2_IRQHandler
                0x0000000008001ef8                TIM8_CC_IRQHandler
                0x0000000008001ef8                TIM1_CC_IRQHandler
                0x0000000008001ef8                DMA2_Stream5_IRQHandler
                0x0000000008001ef8                DMA1_Stream5_IRQHandler
                0x0000000008001ef8                PVD_IRQHandler
                0x0000000008001ef8                SDIO_IRQHandler
                0x0000000008001ef8                TAMP_STAMP_IRQHandler
                0x0000000008001ef8                CAN2_RX1_IRQHandler
                0x0000000008001ef8                EXTI3_IRQHandler
                0x0000000008001ef8                TIM8_TRG_COM_TIM14_IRQHandler
                0x0000000008001ef8                TIM1_UP_TIM10_IRQHandler
                0x0000000008001ef8                TIM8_UP_TIM13_IRQHandler
                0x0000000008001ef8                I2C3_ER_IRQHandler
                0x0000000008001ef8                EXTI0_IRQHandler
                0x0000000008001ef8                I2C2_EV_IRQHandler
                0x0000000008001ef8                DMA1_Stream2_IRQHandler
                0x0000000008001ef8                CAN1_RX0_IRQHandler
                0x0000000008001ef8                FPU_IRQHandler
                0x0000000008001ef8                OTG_HS_WKUP_IRQHandler
                0x0000000008001ef8                CAN2_SCE_IRQHandler
                0x0000000008001ef8                DMA2_Stream2_IRQHandler
                0x0000000008001ef8                SPI1_IRQHandler
                0x0000000008001ef8                TIM6_DAC_IRQHandler
                0x0000000008001ef8                TIM1_BRK_TIM9_IRQHandler
                0x0000000008001ef8                DCMI_IRQHandler
                0x0000000008001ef8                CAN2_RX0_IRQHandler
                0x0000000008001ef8                DMA2_Stream3_IRQHandler
                0x0000000008001ef8                USART6_IRQHandler
                0x0000000008001ef8                USART3_IRQHandler
                0x0000000008001ef8                CAN1_RX1_IRQHandler
                0x0000000008001ef8                UART5_IRQHandler
                0x0000000008001ef8                DMA2_Stream0_IRQHandler
                0x0000000008001ef8                TIM4_IRQHandler
                0x0000000008001ef8                I2C1_EV_IRQHandler
                0x0000000008001ef8                DMA1_Stream6_IRQHandler
                0x0000000008001ef8                DMA1_Stream1_IRQHandler
                0x0000000008001ef8                UART4_IRQHandler
                0x0000000008001ef8                TIM3_IRQHandler
                0x0000000008001ef8                RCC_IRQHandler
                0x0000000008001ef8                TIM8_BRK_TIM12_IRQHandler
                0x0000000008001ef8                Default_Handler
                0x0000000008001ef8                EXTI15_10_IRQHandler
                0x0000000008001ef8                ADC_IRQHandler
                0x0000000008001ef8                DMA1_Stream7_IRQHandler
                0x0000000008001ef8                TIM7_IRQHandler
                0x0000000008001ef8                CAN2_TX_IRQHandler
                0x0000000008001ef8                TIM5_IRQHandler
                0x0000000008001ef8                DMA2_Stream7_IRQHandler
                0x0000000008001ef8                I2C3_EV_IRQHandler
                0x0000000008001ef8                EXTI9_5_IRQHandler
                0x0000000008001ef8                RTC_WKUP_IRQHandler
                0x0000000008001ef8                ETH_WKUP_IRQHandler
                0x0000000008001ef8                SPI2_IRQHandler
                0x0000000008001ef8                OTG_HS_EP1_IN_IRQHandler
                0x0000000008001ef8                DMA1_Stream0_IRQHandler
                0x0000000008001ef8                CAN1_TX_IRQHandler
                0x0000000008001ef8                EXTI4_IRQHandler
                0x0000000008001ef8                FSMC_IRQHandler
                0x0000000008001ef8                ETH_IRQHandler
                0x0000000008001ef8                OTG_HS_EP1_OUT_IRQHandler
                0x0000000008001ef8                WWDG_IRQHandler
                0x0000000008001ef8                TIM2_IRQHandler
                0x0000000008001ef8                OTG_FS_WKUP_IRQHandler
                0x0000000008001ef8                TIM1_TRG_COM_TIM11_IRQHandler
                0x0000000008001ef8                OTG_HS_IRQHandler
                0x0000000008001ef8                EXTI1_IRQHandler
                0x0000000008001ef8                USART2_IRQHandler
                0x0000000008001ef8                I2C2_ER_IRQHandler
                0x0000000008001ef8                DMA2_Stream1_IRQHandler
                0x0000000008001ef8                CAN1_SCE_IRQHandler
                0x0000000008001ef8                FLASH_IRQHandler
                0x0000000008001ef8                DMA2_Stream4_IRQHandler
                0x0000000008001ef8                USART1_IRQHandler
                0x0000000008001ef8                OTG_FS_IRQHandler
                0x0000000008001ef8                SPI3_IRQHandler
                0x0000000008001ef8                DMA1_Stream4_IRQHandler
                0x0000000008001ef8                I2C1_ER_IRQHandler
                0x0000000008001ef8                DMA2_Stream6_IRQHandler
                0x0000000008001ef8                DMA1_Stream3_IRQHandler
 *fill*         0x0000000008001efa        0x2 
 .text.HAL_Init
                0x0000000008001efc       0x44 Drivers/STM32F4xx_HAL_Driver/Src/stm32f4xx_hal.o
                0x0000000008001efc                HAL_Init
 .text.HAL_InitTick
                0x0000000008001f40       0x60 Drivers/STM32F4xx_HAL_Driver/Src/stm32f4xx_hal.o
                0x0000000008001f40                HAL_InitTick
 .text.HAL_IncTick
                0x0000000008001fa0       0x28 Drivers/STM32F4xx_HAL_Driver/Src/stm32f4xx_hal.o
                0x0000000008001fa0                HAL_IncTick
 .text.HAL_GetTick
                0x0000000008001fc8       0x18 Drivers/STM32F4xx_HAL_Driver/Src/stm32f4xx_hal.o
                0x0000000008001fc8                HAL_GetTick
 .text.HAL_Delay
                0x0000000008001fe0       0x48 Drivers/STM32F4xx_HAL_Driver/Src/stm32f4xx_hal.o
                0x0000000008001fe0                HAL_Delay
 .text.HAL_ADC_Init
                0x0000000008002028       0x86 Drivers/STM32F4xx_HAL_Driver/Src/stm32f4xx_hal_adc.o
                0x0000000008002028                HAL_ADC_Init
 *fill*         0x00000000080020ae        0x2 
 .text.HAL_ADC_Start
                0x00000000080020b0      0x1a4 Drivers/STM32F4xx_HAL_Driver/Src/stm32f4xx_hal_adc.o
                0x00000000080020b0                HAL_ADC_Start
 .text.HAL_ADC_PollForConversion
                0x0000000008002254      0x116 Drivers/STM32F4xx_HAL_Driver/Src/stm32f4xx_hal_adc.o
                0x0000000008002254                HAL_ADC_PollForConversion
 .text.HAL_ADC_GetValue
                0x000000000800236a       0x1a Drivers/STM32F4xx_HAL_Driver/Src/stm32f4xx_hal_adc.o
                0x000000000800236a                HAL_ADC_GetValue
 .text.HAL_ADC_ConfigChannel
                0x0000000008002384      0x244 Drivers/STM32F4xx_HAL_Driver/Src/stm32f4xx_hal_adc.o
                0x0000000008002384                HAL_ADC_ConfigChannel
 .text.ADC_Init
                0x00000000080025c8      0x1f8 Drivers/STM32F4xx_HAL_Driver/Src/stm32f4xx_hal_adc.o
 .text.__NVIC_SetPriorityGrouping
                0x00000000080027c0       0x48 Drivers/STM32F4xx_HAL_Driver/Src/stm32f4xx_hal_cortex.o
 .text.__NVIC_GetPriorityGrouping
                0x0000000008002808       0x1c Drivers/STM32F4xx_HAL_Driver/Src/stm32f4xx_hal_cortex.o
 .text.__NVIC_SetPriority
                0x0000000008002824       0x54 Drivers/STM32F4xx_HAL_Driver/Src/stm32f4xx_hal_cortex.o
 .text.NVIC_EncodePriority
                0x0000000008002878       0x66 Drivers/STM32F4xx_HAL_Driver/Src/stm32f4xx_hal_cortex.o
 *fill*         0x00000000080028de        0x2 
 .text.SysTick_Config
                0x00000000080028e0       0x44 Drivers/STM32F4xx_HAL_Driver/Src/stm32f4xx_hal_cortex.o
 .text.HAL_NVIC_SetPriorityGrouping
                0x0000000008002924       0x16 Drivers/STM32F4xx_HAL_Driver/Src/stm32f4xx_hal_cortex.o
                0x0000000008002924                HAL_NVIC_SetPriorityGrouping
 .text.HAL_NVIC_SetPriority
                0x000000000800293a       0x38 Drivers/STM32F4xx_HAL_Driver/Src/stm32f4xx_hal_cortex.o
                0x000000000800293a                HAL_NVIC_SetPriority
 .text.HAL_SYSTICK_Config
                0x0000000008002972       0x18 Drivers/STM32F4xx_HAL_Driver/Src/stm32f4xx_hal_cortex.o
                0x0000000008002972                HAL_SYSTICK_Config
 *fill*         0x000000000800298a        0x2 
 .text.HAL_GPIO_Init
                0x000000000800298c      0x338 Drivers/STM32F4xx_HAL_Driver/Src/stm32f4xx_hal_gpio.o
                0x000000000800298c                HAL_GPIO_Init
 .text.HAL_GPIO_WritePin
                0x0000000008002cc4       0x32 Drivers/STM32F4xx_HAL_Driver/Src/stm32f4xx_hal_gpio.o
                0x0000000008002cc4                HAL_GPIO_WritePin
 .text.HAL_GPIO_TogglePin
                0x0000000008002cf6       0x34 Drivers/STM32F4xx_HAL_Driver/Src/stm32f4xx_hal_gpio.o
                0x0000000008002cf6                HAL_GPIO_TogglePin
 *fill*         0x0000000008002d2a        0x2 
 .text.HAL_RCC_OscConfig
                0x0000000008002d2c      0x4f0 Drivers/STM32F4xx_HAL_Driver/Src/stm32f4xx_hal_rcc.o
                0x0000000008002d2c                HAL_RCC_OscConfig
 .text.HAL_RCC_ClockConfig
                0x000000000800321c      0x1cc Drivers/STM32F4xx_HAL_Driver/Src/stm32f4xx_hal_rcc.o
                0x000000000800321c                HAL_RCC_ClockConfig
 .text.HAL_RCC_GetSysClockFreq
                0x00000000080033e8      0x18c Drivers/STM32F4xx_HAL_Driver/Src/stm32f4xx_hal_rcc.o
                0x00000000080033e8                HAL_RCC_GetSysClockFreq
 .text.HAL_RCC_GetHCLKFreq
                0x0000000008003574       0x18 Drivers/STM32F4xx_HAL_Driver/Src/stm32f4xx_hal_rcc.o
                0x0000000008003574                HAL_RCC_GetHCLKFreq
 .text.HAL_RCC_GetPCLK1Freq
                0x000000000800358c       0x28 Drivers/STM32F4xx_HAL_Driver/Src/stm32f4xx_hal_rcc.o
                0x000000000800358c                HAL_RCC_GetPCLK1Freq
 .text.HAL_RCC_GetPCLK2Freq
                0x00000000080035b4       0x28 Drivers/STM32F4xx_HAL_Driver/Src/stm32f4xx_hal_rcc.o
                0x00000000080035b4                HAL_RCC_GetPCLK2Freq
 .text.HAL_UART_Init
                0x00000000080035dc       0x9a Drivers/STM32F4xx_HAL_Driver/Src/stm32f4xx_hal_uart.o
                0x00000000080035dc                HAL_UART_Init
 .text.HAL_UART_Transmit
                0x0000000008003676      0x124 Drivers/STM32F4xx_HAL_Driver/Src/stm32f4xx_hal_uart.o
                0x0000000008003676                HAL_UART_Transmit
 .text.HAL_UART_Receive
                0x000000000800379a      0x144 Drivers/STM32F4xx_HAL_Driver/Src/stm32f4xx_hal_uart.o
                0x000000000800379a                HAL_UART_Receive
 .text.UART_WaitOnFlagUntilTimeout
                0x00000000080038de       0x94 Drivers/STM32F4xx_HAL_Driver/Src/stm32f4xx_hal_uart.o
 *fill*         0x0000000008003972        0x2 
 .text.UART_SetConfig
                0x0000000008003974      0x4e8 Drivers/STM32F4xx_HAL_Driver/Src/stm32f4xx_hal_uart.o
 .text.__assert_func
                0x0000000008003e5c       0x3c /usr/lib/gcc/arm-none-eabi/10.2.0/../../../../arm-none-eabi/lib/thumb/v7e-m+fp/hard/libc_nano.a(lib_a-assert.o)
                0x0000000008003e5c                __assert_func
 .text.__errno  0x0000000008003e98        0xc /usr/lib/gcc/arm-none-eabi/10.2.0/../../../../arm-none-eabi/lib/thumb/v7e-m+fp/hard/libc_nano.a(lib_a-errno.o)
                0x0000000008003e98                __errno
 .text.fprintf  0x0000000008003ea4       0x24 /usr/lib/gcc/arm-none-eabi/10.2.0/../../../../arm-none-eabi/lib/thumb/v7e-m+fp/hard/libc_nano.a(lib_a-fprintf.o)
                0x0000000008003ea4                fprintf
                0x0000000008003ea4                fiprintf
 .text._fwrite_r
                0x0000000008003ec8       0xc0 /usr/lib/gcc/arm-none-eabi/10.2.0/../../../../arm-none-eabi/lib/thumb/v7e-m+fp/hard/libc_nano.a(lib_a-fwrite.o)
                0x0000000008003ec8                _fwrite_r
 .text.fwrite   0x0000000008003f88       0x1c /usr/lib/gcc/arm-none-eabi/10.2.0/../../../../arm-none-eabi/lib/thumb/v7e-m+fp/hard/libc_nano.a(lib_a-fwrite.o)
                0x0000000008003f88                fwrite
 .text.__libc_init_array
                0x0000000008003fa4       0x48 /usr/lib/gcc/arm-none-eabi/10.2.0/../../../../arm-none-eabi/lib/thumb/v7e-m+fp/hard/libc_nano.a(lib_a-init.o)
                0x0000000008003fa4                __libc_init_array
 .text.__retarget_lock_init_recursive
                0x0000000008003fec        0x2 /usr/lib/gcc/arm-none-eabi/10.2.0/../../../../arm-none-eabi/lib/thumb/v7e-m+fp/hard/libc_nano.a(lib_a-lock.o)
                0x0000000008003fec                __retarget_lock_init_recursive
 .text.__retarget_lock_acquire_recursive
                0x0000000008003fee        0x2 /usr/lib/gcc/arm-none-eabi/10.2.0/../../../../arm-none-eabi/lib/thumb/v7e-m+fp/hard/libc_nano.a(lib_a-lock.o)
                0x0000000008003fee                __retarget_lock_acquire_recursive
 .text.__retarget_lock_release_recursive
                0x0000000008003ff0        0x2 /usr/lib/gcc/arm-none-eabi/10.2.0/../../../../arm-none-eabi/lib/thumb/v7e-m+fp/hard/libc_nano.a(lib_a-lock.o)
                0x0000000008003ff0                __retarget_lock_release_recursive
 *fill*         0x0000000008003ff2        0x2 
 .text.malloc   0x0000000008003ff4       0x10 /usr/lib/gcc/arm-none-eabi/10.2.0/../../../../arm-none-eabi/lib/thumb/v7e-m+fp/hard/libc_nano.a(lib_a-malloc.o)
                0x0000000008003ff4                malloc
 .text.memset   0x0000000008004004       0x10 /usr/lib/gcc/arm-none-eabi/10.2.0/../../../../arm-none-eabi/lib/thumb/v7e-m+fp/hard/libc_nano.a(lib_a-memset.o)
                0x0000000008004004                memset
 .text._free_r  0x0000000008004014       0x98 /usr/lib/gcc/arm-none-eabi/10.2.0/../../../../arm-none-eabi/lib/thumb/v7e-m+fp/hard/libc_nano.a(lib_a-nano-freer.o)
                0x0000000008004014                _free_r
 .text._malloc_r
                0x00000000080040ac       0xb4 /usr/lib/gcc/arm-none-eabi/10.2.0/../../../../arm-none-eabi/lib/thumb/v7e-m+fp/hard/libc_nano.a(lib_a-nano-mallocr.o)
                0x00000000080040ac                _malloc_r
 .text.__cvt    0x0000000008004160       0xc4 /usr/lib/gcc/arm-none-eabi/10.2.0/../../../../arm-none-eabi/lib/thumb/v7e-m+fp/hard/libc_nano.a(lib_a-nano-vfprintf_float.o)
                0x0000000008004160                __cvt
 .text.__exponent
                0x0000000008004224       0x7c /usr/lib/gcc/arm-none-eabi/10.2.0/../../../../arm-none-eabi/lib/thumb/v7e-m+fp/hard/libc_nano.a(lib_a-nano-vfprintf_float.o)
                0x0000000008004224                __exponent
 .text._printf_float
                0x00000000080042a0      0x46c /usr/lib/gcc/arm-none-eabi/10.2.0/../../../../arm-none-eabi/lib/thumb/v7e-m+fp/hard/libc_nano.a(lib_a-nano-vfprintf_float.o)
                0x00000000080042a0                _printf_float
 .text._printf_common
                0x000000000800470c       0xda /usr/lib/gcc/arm-none-eabi/10.2.0/../../../../arm-none-eabi/lib/thumb/v7e-m+fp/hard/libc_nano.a(lib_a-nano-vfprintf_i.o)
                0x000000000800470c                _printf_common
 *fill*         0x00000000080047e6        0x2 
 .text._printf_i
                0x00000000080047e8      0x24c /usr/lib/gcc/arm-none-eabi/10.2.0/../../../../arm-none-eabi/lib/thumb/v7e-m+fp/hard/libc_nano.a(lib_a-nano-vfprintf_i.o)
                0x00000000080047e8                _printf_i
 .text.__sfputc_r
                0x0000000008004a34       0x2e /usr/lib/gcc/arm-none-eabi/10.2.0/../../../../arm-none-eabi/lib/thumb/v7e-m+fp/hard/libc_nano.a(lib_a-nano-vfprintf.o)
 .text.__sfputs_r
                0x0000000008004a62       0x24 /usr/lib/gcc/arm-none-eabi/10.2.0/../../../../arm-none-eabi/lib/thumb/v7e-m+fp/hard/libc_nano.a(lib_a-nano-vfprintf.o)
                0x0000000008004a62                __sfputs_r
 *fill*         0x0000000008004a86        0x2 
 .text._vfprintf_r
                0x0000000008004a88      0x260 /usr/lib/gcc/arm-none-eabi/10.2.0/../../../../arm-none-eabi/lib/thumb/v7e-m+fp/hard/libc_nano.a(lib_a-nano-vfprintf.o)
                0x0000000008004a88                _vfiprintf_r
                0x0000000008004a88                _vfprintf_r
 .text.printf   0x0000000008004ce8       0x30 /usr/lib/gcc/arm-none-eabi/10.2.0/../../../../arm-none-eabi/lib/thumb/v7e-m+fp/hard/libc_nano.a(lib_a-printf.o)
                0x0000000008004ce8                printf
                0x0000000008004ce8                iprintf
 .text._sbrk_r  0x0000000008004d18       0x20 /usr/lib/gcc/arm-none-eabi/10.2.0/../../../../arm-none-eabi/lib/thumb/v7e-m+fp/hard/libc_nano.a(lib_a-sbrkr.o)
                0x0000000008004d18                _sbrk_r
 .text.__swbuf_r
                0x0000000008004d38       0xa4 /usr/lib/gcc/arm-none-eabi/10.2.0/../../../../arm-none-eabi/lib/thumb/v7e-m+fp/hard/libc_nano.a(lib_a-wbuf.o)
                0x0000000008004d38                __swbuf_r
 .text.__swsetup_r
                0x0000000008004ddc       0xdc /usr/lib/gcc/arm-none-eabi/10.2.0/../../../../arm-none-eabi/lib/thumb/v7e-m+fp/hard/libc_nano.a(lib_a-wsetup.o)
                0x0000000008004ddc                __swsetup_r
 .text.abort    0x0000000008004eb8        0xe /usr/lib/gcc/arm-none-eabi/10.2.0/../../../../arm-none-eabi/lib/thumb/v7e-m+fp/hard/libc_nano.a(lib_a-abort.o)
                0x0000000008004eb8                abort
 .text.quorem   0x0000000008004ec6      0x116 /usr/lib/gcc/arm-none-eabi/10.2.0/../../../../arm-none-eabi/lib/thumb/v7e-m+fp/hard/libc_nano.a(lib_a-dtoa.o)
 *fill*         0x0000000008004fdc        0x4 
 .text._dtoa_r  0x0000000008004fe0      0xbdc /usr/lib/gcc/arm-none-eabi/10.2.0/../../../../arm-none-eabi/lib/thumb/v7e-m+fp/hard/libc_nano.a(lib_a-dtoa.o)
                0x0000000008004fe0                _dtoa_r
 .text.__sflush_r
                0x0000000008005bbc      0x10c /usr/lib/gcc/arm-none-eabi/10.2.0/../../../../arm-none-eabi/lib/thumb/v7e-m+fp/hard/libc_nano.a(lib_a-fflush.o)
                0x0000000008005bbc                __sflush_r
 .text._fflush_r
                0x0000000008005cc8       0x78 /usr/lib/gcc/arm-none-eabi/10.2.0/../../../../arm-none-eabi/lib/thumb/v7e-m+fp/hard/libc_nano.a(lib_a-fflush.o)
                0x0000000008005cc8                _fflush_r
 .text.std      0x0000000008005d40       0x48 /usr/lib/gcc/arm-none-eabi/10.2.0/../../../../arm-none-eabi/lib/thumb/v7e-m+fp/hard/libc_nano.a(lib_a-findfp.o)
 .text._cleanup_r
                0x0000000008005d88        0xc /usr/lib/gcc/arm-none-eabi/10.2.0/../../../../arm-none-eabi/lib/thumb/v7e-m+fp/hard/libc_nano.a(lib_a-findfp.o)
                0x0000000008005d88                _cleanup_r
 .text.__sfmoreglue
                0x0000000008005d94       0x2c /usr/lib/gcc/arm-none-eabi/10.2.0/../../../../arm-none-eabi/lib/thumb/v7e-m+fp/hard/libc_nano.a(lib_a-findfp.o)
                0x0000000008005d94                __sfmoreglue
 .text.__sfp_lock_acquire
                0x0000000008005dc0        0xc /usr/lib/gcc/arm-none-eabi/10.2.0/../../../../arm-none-eabi/lib/thumb/v7e-m+fp/hard/libc_nano.a(lib_a-findfp.o)
                0x0000000008005dc0                __sfp_lock_acquire
 .text.__sfp_lock_release
                0x0000000008005dcc        0xc /usr/lib/gcc/arm-none-eabi/10.2.0/../../../../arm-none-eabi/lib/thumb/v7e-m+fp/hard/libc_nano.a(lib_a-findfp.o)
                0x0000000008005dcc                __sfp_lock_release
 .text.__sinit_lock_acquire
                0x0000000008005dd8        0xc /usr/lib/gcc/arm-none-eabi/10.2.0/../../../../arm-none-eabi/lib/thumb/v7e-m+fp/hard/libc_nano.a(lib_a-findfp.o)
                0x0000000008005dd8                __sinit_lock_acquire
 .text.__sinit_lock_release
                0x0000000008005de4        0xc /usr/lib/gcc/arm-none-eabi/10.2.0/../../../../arm-none-eabi/lib/thumb/v7e-m+fp/hard/libc_nano.a(lib_a-findfp.o)
                0x0000000008005de4                __sinit_lock_release
 .text.__sinit  0x0000000008005df0       0x70 /usr/lib/gcc/arm-none-eabi/10.2.0/../../../../arm-none-eabi/lib/thumb/v7e-m+fp/hard/libc_nano.a(lib_a-findfp.o)
                0x0000000008005df0                __sinit
 .text.__sfp    0x0000000008005e60       0x8c /usr/lib/gcc/arm-none-eabi/10.2.0/../../../../arm-none-eabi/lib/thumb/v7e-m+fp/hard/libc_nano.a(lib_a-findfp.o)
                0x0000000008005e60                __sfp
 .text._fwalk_reent
                0x0000000008005eec       0x3e /usr/lib/gcc/arm-none-eabi/10.2.0/../../../../arm-none-eabi/lib/thumb/v7e-m+fp/hard/libc_nano.a(lib_a-fwalk.o)
                0x0000000008005eec                _fwalk_reent
 *fill*         0x0000000008005f2a        0x2 
 .text._localeconv_r
                0x0000000008005f2c        0x8 /usr/lib/gcc/arm-none-eabi/10.2.0/../../../../arm-none-eabi/lib/thumb/v7e-m+fp/hard/libc_nano.a(lib_a-localeconv.o)
                0x0000000008005f2c                _localeconv_r
 .text.__swhatbuf_r
                0x0000000008005f34       0x4a /usr/lib/gcc/arm-none-eabi/10.2.0/../../../../arm-none-eabi/lib/thumb/v7e-m+fp/hard/libc_nano.a(lib_a-makebuf.o)
                0x0000000008005f34                __swhatbuf_r
 *fill*         0x0000000008005f7e        0x2 
 .text.__smakebuf_r
                0x0000000008005f80       0x80 /usr/lib/gcc/arm-none-eabi/10.2.0/../../../../arm-none-eabi/lib/thumb/v7e-m+fp/hard/libc_nano.a(lib_a-makebuf.o)
                0x0000000008005f80                __smakebuf_r
 .text.__ascii_mbtowc
                0x0000000008006000       0x24 /usr/lib/gcc/arm-none-eabi/10.2.0/../../../../arm-none-eabi/lib/thumb/v7e-m+fp/hard/libc_nano.a(lib_a-mbtowc_r.o)
                0x0000000008006000                __ascii_mbtowc
 .text.memcpy   0x0000000008006024       0x1c /usr/lib/gcc/arm-none-eabi/10.2.0/../../../../arm-none-eabi/lib/thumb/v7e-m+fp/hard/libc_nano.a(lib_a-memcpy-stub.o)
                0x0000000008006024                memcpy
 .text.__malloc_lock
                0x0000000008006040        0xc /usr/lib/gcc/arm-none-eabi/10.2.0/../../../../arm-none-eabi/lib/thumb/v7e-m+fp/hard/libc_nano.a(lib_a-mlock.o)
                0x0000000008006040                __malloc_lock
 .text.__malloc_unlock
                0x000000000800604c        0xc /usr/lib/gcc/arm-none-eabi/10.2.0/../../../../arm-none-eabi/lib/thumb/v7e-m+fp/hard/libc_nano.a(lib_a-mlock.o)
                0x000000000800604c                __malloc_unlock
 .text._Balloc  0x0000000008006058       0x80 /usr/lib/gcc/arm-none-eabi/10.2.0/../../../../arm-none-eabi/lib/thumb/v7e-m+fp/hard/libc_nano.a(lib_a-mprec.o)
                0x0000000008006058                _Balloc
 .text._Bfree   0x00000000080060d8       0x44 /usr/lib/gcc/arm-none-eabi/10.2.0/../../../../arm-none-eabi/lib/thumb/v7e-m+fp/hard/libc_nano.a(lib_a-mprec.o)
                0x00000000080060d8                _Bfree
 .text.__multadd
                0x000000000800611c       0x8c /usr/lib/gcc/arm-none-eabi/10.2.0/../../../../arm-none-eabi/lib/thumb/v7e-m+fp/hard/libc_nano.a(lib_a-mprec.o)
                0x000000000800611c                __multadd
 .text.__hi0bits
                0x00000000080061a8       0x40 /usr/lib/gcc/arm-none-eabi/10.2.0/../../../../arm-none-eabi/lib/thumb/v7e-m+fp/hard/libc_nano.a(lib_a-mprec.o)
                0x00000000080061a8                __hi0bits
 .text.__lo0bits
                0x00000000080061e8       0x5e /usr/lib/gcc/arm-none-eabi/10.2.0/../../../../arm-none-eabi/lib/thumb/v7e-m+fp/hard/libc_nano.a(lib_a-mprec.o)
                0x00000000080061e8                __lo0bits
 *fill*         0x0000000008006246        0x2 
 .text.__i2b    0x0000000008006248       0x2c /usr/lib/gcc/arm-none-eabi/10.2.0/../../../../arm-none-eabi/lib/thumb/v7e-m+fp/hard/libc_nano.a(lib_a-mprec.o)
                0x0000000008006248                __i2b
 .text.__multiply
                0x0000000008006274      0x154 /usr/lib/gcc/arm-none-eabi/10.2.0/../../../../arm-none-eabi/lib/thumb/v7e-m+fp/hard/libc_nano.a(lib_a-mprec.o)
                0x0000000008006274                __multiply
 .text.__pow5mult
                0x00000000080063c8       0xb4 /usr/lib/gcc/arm-none-eabi/10.2.0/../../../../arm-none-eabi/lib/thumb/v7e-m+fp/hard/libc_nano.a(lib_a-mprec.o)
                0x00000000080063c8                __pow5mult
 .text.__lshift
                0x000000000800647c       0xe0 /usr/lib/gcc/arm-none-eabi/10.2.0/../../../../arm-none-eabi/lib/thumb/v7e-m+fp/hard/libc_nano.a(lib_a-mprec.o)
                0x000000000800647c                __lshift
 .text.__mcmp   0x000000000800655c       0x38 /usr/lib/gcc/arm-none-eabi/10.2.0/../../../../arm-none-eabi/lib/thumb/v7e-m+fp/hard/libc_nano.a(lib_a-mprec.o)
                0x000000000800655c                __mcmp
 .text.__mdiff  0x0000000008006594      0x114 /usr/lib/gcc/arm-none-eabi/10.2.0/../../../../arm-none-eabi/lib/thumb/v7e-m+fp/hard/libc_nano.a(lib_a-mprec.o)
                0x0000000008006594                __mdiff
 .text.__d2b    0x00000000080066a8       0xb8 /usr/lib/gcc/arm-none-eabi/10.2.0/../../../../arm-none-eabi/lib/thumb/v7e-m+fp/hard/libc_nano.a(lib_a-mprec.o)
                0x00000000080066a8                __d2b
 .text._calloc_r
                0x0000000008006760       0x2c /usr/lib/gcc/arm-none-eabi/10.2.0/../../../../arm-none-eabi/lib/thumb/v7e-m+fp/hard/libc_nano.a(lib_a-nano-callocr.o)
                0x0000000008006760                _calloc_r
 .text._raise_r
                0x000000000800678c       0x50 /usr/lib/gcc/arm-none-eabi/10.2.0/../../../../arm-none-eabi/lib/thumb/v7e-m+fp/hard/libc_nano.a(lib_a-signal.o)
                0x000000000800678c                _raise_r
 .text.raise    0x00000000080067dc       0x10 /usr/lib/gcc/arm-none-eabi/10.2.0/../../../../arm-none-eabi/lib/thumb/v7e-m+fp/hard/libc_nano.a(lib_a-signal.o)
                0x00000000080067dc                raise
 .text._kill_r  0x00000000080067ec       0x24 /usr/lib/gcc/arm-none-eabi/10.2.0/../../../../arm-none-eabi/lib/thumb/v7e-m+fp/hard/libc_nano.a(lib_a-signalr.o)
                0x00000000080067ec                _kill_r
 .text._getpid_r
                0x0000000008006810        0x4 /usr/lib/gcc/arm-none-eabi/10.2.0/../../../../arm-none-eabi/lib/thumb/v7e-m+fp/hard/libc_nano.a(lib_a-signalr.o)
                0x0000000008006810                _getpid_r
 .text.__sread  0x0000000008006814       0x22 /usr/lib/gcc/arm-none-eabi/10.2.0/../../../../arm-none-eabi/lib/thumb/v7e-m+fp/hard/libc_nano.a(lib_a-stdio.o)
                0x0000000008006814                __sread
 .text.__swrite
                0x0000000008006836       0x38 /usr/lib/gcc/arm-none-eabi/10.2.0/../../../../arm-none-eabi/lib/thumb/v7e-m+fp/hard/libc_nano.a(lib_a-stdio.o)
                0x0000000008006836                __swrite
 .text.__sseek  0x000000000800686e       0x24 /usr/lib/gcc/arm-none-eabi/10.2.0/../../../../arm-none-eabi/lib/thumb/v7e-m+fp/hard/libc_nano.a(lib_a-stdio.o)
                0x000000000800686e                __sseek
 .text.__sclose
                0x0000000008006892        0x8 /usr/lib/gcc/arm-none-eabi/10.2.0/../../../../arm-none-eabi/lib/thumb/v7e-m+fp/hard/libc_nano.a(lib_a-stdio.o)
                0x0000000008006892                __sclose
 .text.__ascii_wctomb
                0x000000000800689a       0x1a /usr/lib/gcc/arm-none-eabi/10.2.0/../../../../arm-none-eabi/lib/thumb/v7e-m+fp/hard/libc_nano.a(lib_a-wctomb_r.o)
                0x000000000800689a                __ascii_wctomb
 .text._write_r
                0x00000000080068b4       0x24 /usr/lib/gcc/arm-none-eabi/10.2.0/../../../../arm-none-eabi/lib/thumb/v7e-m+fp/hard/libc_nano.a(lib_a-writer.o)
                0x00000000080068b4                _write_r
 .text._close_r
                0x00000000080068d8       0x20 /usr/lib/gcc/arm-none-eabi/10.2.0/../../../../arm-none-eabi/lib/thumb/v7e-m+fp/hard/libc_nano.a(lib_a-closer.o)
                0x00000000080068d8                _close_r
 .text._fstat_r
                0x00000000080068f8       0x24 /usr/lib/gcc/arm-none-eabi/10.2.0/../../../../arm-none-eabi/lib/thumb/v7e-m+fp/hard/libc_nano.a(lib_a-fstatr.o)
                0x00000000080068f8                _fstat_r
 .text._isatty_r
                0x000000000800691c       0x20 /usr/lib/gcc/arm-none-eabi/10.2.0/../../../../arm-none-eabi/lib/thumb/v7e-m+fp/hard/libc_nano.a(lib_a-isattyr.o)
                0x000000000800691c                _isatty_r
 .text._lseek_r
                0x000000000800693c       0x24 /usr/lib/gcc/arm-none-eabi/10.2.0/../../../../arm-none-eabi/lib/thumb/v7e-m+fp/hard/libc_nano.a(lib_a-lseekr.o)
                0x000000000800693c                _lseek_r
 .text._read_r  0x0000000008006960       0x24 /usr/lib/gcc/arm-none-eabi/10.2.0/../../../../arm-none-eabi/lib/thumb/v7e-m+fp/hard/libc_nano.a(lib_a-readr.o)
                0x0000000008006960                _read_r
 *fill*         0x0000000008006984        0x4 
 .text.atan     0x0000000008006988      0x330 /usr/lib/gcc/arm-none-eabi/10.2.0/../../../../arm-none-eabi/lib/thumb/v7e-m+fp/hard/libm.a(lib_a-s_atan.o)
                0x0000000008006988                atan
 .text.fabs     0x0000000008006cb8       0x14 /usr/lib/gcc/arm-none-eabi/10.2.0/../../../../arm-none-eabi/lib/thumb/v7e-m+fp/hard/libm.a(lib_a-s_fabs.o)
                0x0000000008006cb8                fabs
 .text.acos     0x0000000008006ccc       0x68 /usr/lib/gcc/arm-none-eabi/10.2.0/../../../../arm-none-eabi/lib/thumb/v7e-m+fp/hard/libm.a(lib_a-w_acos.o)
                0x0000000008006ccc                acos
 .text.sqrtf    0x0000000008006d34       0x44 /usr/lib/gcc/arm-none-eabi/10.2.0/../../../../arm-none-eabi/lib/thumb/v7e-m+fp/hard/libm.a(lib_a-wf_sqrt.o)
                0x0000000008006d34                sqrtf
 .text.__ieee754_acos
                0x0000000008006d78      0x4e0 /usr/lib/gcc/arm-none-eabi/10.2.0/../../../../arm-none-eabi/lib/thumb/v7e-m+fp/hard/libm.a(lib_a-e_acos.o)
                0x0000000008006d78                __ieee754_acos
 .text.__ieee754_sqrtf
                0x0000000008007258        0x8 /usr/lib/gcc/arm-none-eabi/10.2.0/../../../../arm-none-eabi/lib/thumb/v7e-m+fp/hard/libm.a(lib_a-ef_sqrt.o)
                0x0000000008007258                __ieee754_sqrtf
 .text.__ieee754_sqrt
                0x0000000008007260      0x190 /usr/lib/gcc/arm-none-eabi/10.2.0/../../../../arm-none-eabi/lib/thumb/v7e-m+fp/hard/libm.a(lib_a-e_sqrt.o)
                0x0000000008007260                __ieee754_sqrt
 .text.nan      0x00000000080073f0       0x10 /usr/lib/gcc/arm-none-eabi/10.2.0/../../../../arm-none-eabi/lib/thumb/v7e-m+fp/hard/libm.a(lib_a-s_nan.o)
                0x00000000080073f0                nan
 .text.__udivmoddi4
                0x0000000008007400      0x2aa /usr/lib/gcc/arm-none-eabi/10.2.0/thumb/v7e-m+fp/hard/libgcc.a(_udivmoddi4.o)
                0x0000000008007400                __udivmoddi4
 *(.glue_7)
 .glue_7        0x00000000080076aa        0x0 linker stubs
 *(.glue_7t)
 .glue_7t       0x00000000080076aa        0x0 linker stubs
 *(.eh_frame)
 *fill*         0x00000000080076aa        0x2 
 .eh_frame      0x00000000080076ac        0x0 /usr/lib/gcc/arm-none-eabi/10.2.0/thumb/v7e-m+fp/hard/crtbegin.o
 *(.init)
 .init          0x00000000080076ac        0x4 /usr/lib/gcc/arm-none-eabi/10.2.0/thumb/v7e-m+fp/hard/crti.o
                0x00000000080076ac                _init
 .init          0x00000000080076b0        0x8 /usr/lib/gcc/arm-none-eabi/10.2.0/thumb/v7e-m+fp/hard/crtn.o
 *(.fini)
 .fini          0x00000000080076b8        0x4 /usr/lib/gcc/arm-none-eabi/10.2.0/thumb/v7e-m+fp/hard/crti.o
                0x00000000080076b8                _fini
 .fini          0x00000000080076bc        0x8 /usr/lib/gcc/arm-none-eabi/10.2.0/thumb/v7e-m+fp/hard/crtn.o
                0x00000000080076c4                . = ALIGN (0x4)
                0x00000000080076c4                _etext = .

.vfp11_veneer   0x00000000080076c4        0x0
 .vfp11_veneer  0x00000000080076c4        0x0 linker stubs

.v4_bx          0x00000000080076c4        0x0
 .v4_bx         0x00000000080076c4        0x0 linker stubs

.iplt           0x00000000080076c4        0x0
 .iplt          0x00000000080076c4        0x0 /usr/lib/gcc/arm-none-eabi/10.2.0/thumb/v7e-m+fp/hard/crtbegin.o

.rodata         0x00000000080076c8      0x66c
                0x00000000080076c8                . = ALIGN (0x4)
 *(.rodata)
 .rodata        0x00000000080076c8       0xc5 App/Src/lds.o
 *fill*         0x000000000800778d        0x3 
 .rodata        0x0000000008007790      0x11d App/Src/matrix.o
 *fill*         0x00000000080078ad        0x3 
 .rodata        0x00000000080078b0       0x45 App/Src/tmain.o
 *(.rodata*)
 *fill*         0x00000000080078f5        0x3 
 .rodata.__func__.2
                0x00000000080078f8        0x9 App/Src/lds.o
 *fill*         0x0000000008007901        0x3 
 .rodata.__func__.1
                0x0000000008007904       0x25 App/Src/matrix.o
 *fill*         0x0000000008007929        0x3 
 .rodata.AHBPrescTable
                0x000000000800792c       0x10 Core/Src/system_stm32f4xx.o
                0x000000000800792c                AHBPrescTable
 .rodata.APBPrescTable
                0x000000000800793c        0x8 Core/Src/system_stm32f4xx.o
                0x000000000800793c                APBPrescTable
 .rodata.__assert_func.str1.1
                0x0000000008007944       0x3c /usr/lib/gcc/arm-none-eabi/10.2.0/../../../../arm-none-eabi/lib/thumb/v7e-m+fp/hard/libc_nano.a(lib_a-assert.o)
                                         0x3d (size before relaxing)
 .rodata._global_impure_ptr
                0x0000000008007980        0x4 /usr/lib/gcc/arm-none-eabi/10.2.0/../../../../arm-none-eabi/lib/thumb/v7e-m+fp/hard/libc_nano.a(lib_a-impure.o)
                0x0000000008007980                _global_impure_ptr
 .rodata._printf_float.str1.1
                0x0000000008007984       0x12 /usr/lib/gcc/arm-none-eabi/10.2.0/../../../../arm-none-eabi/lib/thumb/v7e-m+fp/hard/libc_nano.a(lib_a-nano-vfprintf_float.o)
 .rodata._printf_i.str1.1
                0x0000000008007996       0x22 /usr/lib/gcc/arm-none-eabi/10.2.0/../../../../arm-none-eabi/lib/thumb/v7e-m+fp/hard/libc_nano.a(lib_a-nano-vfprintf_i.o)
 .rodata._vfprintf_r.str1.1
                0x00000000080079b8       0x11 /usr/lib/gcc/arm-none-eabi/10.2.0/../../../../arm-none-eabi/lib/thumb/v7e-m+fp/hard/libc_nano.a(lib_a-nano-vfprintf.o)
 .rodata._dtoa_r.str1.1
                0x00000000080079c9       0x74 /usr/lib/gcc/arm-none-eabi/10.2.0/../../../../arm-none-eabi/lib/thumb/v7e-m+fp/hard/libc_nano.a(lib_a-dtoa.o)
                                         0x76 (size before relaxing)
 *fill*         0x0000000008007a3d        0x3 
 .rodata.__sf_fake_stderr
                0x0000000008007a40       0x20 /usr/lib/gcc/arm-none-eabi/10.2.0/../../../../arm-none-eabi/lib/thumb/v7e-m+fp/hard/libc_nano.a(lib_a-findfp.o)
                0x0000000008007a40                __sf_fake_stderr
 .rodata.__sf_fake_stdin
                0x0000000008007a60       0x20 /usr/lib/gcc/arm-none-eabi/10.2.0/../../../../arm-none-eabi/lib/thumb/v7e-m+fp/hard/libc_nano.a(lib_a-findfp.o)
                0x0000000008007a60                __sf_fake_stdin
 .rodata.__sf_fake_stdout
                0x0000000008007a80       0x20 /usr/lib/gcc/arm-none-eabi/10.2.0/../../../../arm-none-eabi/lib/thumb/v7e-m+fp/hard/libc_nano.a(lib_a-findfp.o)
                0x0000000008007a80                __sf_fake_stdout
 .rodata._setlocale_r.str1.1
                0x0000000008007aa0        0x8 /usr/lib/gcc/arm-none-eabi/10.2.0/../../../../arm-none-eabi/lib/thumb/v7e-m+fp/hard/libc_nano.a(lib_a-locale.o)
                                          0x9 (size before relaxing)
 .rodata.str1.1
                0x0000000008007aa8        0x2 /usr/lib/gcc/arm-none-eabi/10.2.0/../../../../arm-none-eabi/lib/thumb/v7e-m+fp/hard/libc_nano.a(lib_a-locale.o)
 .rodata._Balloc.str1.1
                0x0000000008007aaa       0x40 /usr/lib/gcc/arm-none-eabi/10.2.0/../../../../arm-none-eabi/lib/thumb/v7e-m+fp/hard/libc_nano.a(lib_a-mprec.o)
                                         0x57 (size before relaxing)
 .rodata.__multadd.str1.1
                0x0000000008007aea       0x11 /usr/lib/gcc/arm-none-eabi/10.2.0/../../../../arm-none-eabi/lib/thumb/v7e-m+fp/hard/libc_nano.a(lib_a-mprec.o)
 *fill*         0x0000000008007aea        0x6 
 .rodata.__mprec_bigtens
                0x0000000008007af0       0x28 /usr/lib/gcc/arm-none-eabi/10.2.0/../../../../arm-none-eabi/lib/thumb/v7e-m+fp/hard/libc_nano.a(lib_a-mprec.o)
                0x0000000008007af0                __mprec_bigtens
 .rodata.__mprec_tens
                0x0000000008007b18       0xc8 /usr/lib/gcc/arm-none-eabi/10.2.0/../../../../arm-none-eabi/lib/thumb/v7e-m+fp/hard/libc_nano.a(lib_a-mprec.o)
                0x0000000008007b18                __mprec_tens
 .rodata.p05.0  0x0000000008007be0        0xc /usr/lib/gcc/arm-none-eabi/10.2.0/../../../../arm-none-eabi/lib/thumb/v7e-m+fp/hard/libc_nano.a(lib_a-mprec.o)
 .rodata._ctype_
                0x0000000008007bec      0x101 /usr/lib/gcc/arm-none-eabi/10.2.0/../../../../arm-none-eabi/lib/thumb/v7e-m+fp/hard/libc_nano.a(lib_a-ctype_.o)
                0x0000000008007bec                _ctype_
 *fill*         0x0000000008007ced        0x3 
 .rodata.atanhi
                0x0000000008007cf0       0x20 /usr/lib/gcc/arm-none-eabi/10.2.0/../../../../arm-none-eabi/lib/thumb/v7e-m+fp/hard/libm.a(lib_a-s_atan.o)
 .rodata.atanlo
                0x0000000008007d10       0x20 /usr/lib/gcc/arm-none-eabi/10.2.0/../../../../arm-none-eabi/lib/thumb/v7e-m+fp/hard/libm.a(lib_a-s_atan.o)
 .rodata.acos.str1.4
                0x0000000008007d30        0x1 /usr/lib/gcc/arm-none-eabi/10.2.0/../../../../arm-none-eabi/lib/thumb/v7e-m+fp/hard/libm.a(lib_a-w_acos.o)
                0x0000000008007d34                . = ALIGN (0x4)
 *fill*         0x0000000008007d31        0x3 

.ARM.extab      0x0000000008007d34        0x0
                0x0000000008007d34                . = ALIGN (0x4)
 *(.ARM.extab* .gnu.linkonce.armextab.*)
                0x0000000008007d34                . = ALIGN (0x4)

.ARM            0x0000000008007d34        0x8
                0x0000000008007d34                . = ALIGN (0x4)
                0x0000000008007d34                __exidx_start = .
 *(.ARM.exidx*)
 .ARM.exidx.text.__udivmoddi4
                0x0000000008007d34        0x8 /usr/lib/gcc/arm-none-eabi/10.2.0/thumb/v7e-m+fp/hard/libgcc.a(_udivmoddi4.o)
                0x0000000008007d3c                __exidx_end = .
                0x0000000008007d3c                . = ALIGN (0x4)

.rel.dyn        0x0000000008007d3c        0x0
 .rel.iplt      0x0000000008007d3c        0x0 /usr/lib/gcc/arm-none-eabi/10.2.0/thumb/v7e-m+fp/hard/crtbegin.o

.preinit_array  0x0000000008007d3c        0x0
                0x0000000008007d3c                . = ALIGN (0x4)
                0x0000000008007d3c                PROVIDE (__preinit_array_start = .)
 *(.preinit_array*)
                0x0000000008007d3c                PROVIDE (__preinit_array_end = .)
                0x0000000008007d3c                . = ALIGN (0x4)

.init_array     0x0000000008007d3c        0x4
                0x0000000008007d3c                . = ALIGN (0x4)
                0x0000000008007d3c                PROVIDE (__init_array_start = .)
 *(SORT_BY_NAME(.init_array.*))
 *(.init_array*)
 .init_array    0x0000000008007d3c        0x4 /usr/lib/gcc/arm-none-eabi/10.2.0/thumb/v7e-m+fp/hard/crtbegin.o
                0x0000000008007d40                PROVIDE (__init_array_end = .)
                0x0000000008007d40                . = ALIGN (0x4)

.fini_array     0x0000000008007d40        0x4
                0x0000000008007d40                . = ALIGN (0x4)
                0x0000000008007d40                PROVIDE (__fini_array_start = .)
 *(SORT_BY_NAME(.fini_array.*))
 *(.fini_array*)
 .fini_array    0x0000000008007d40        0x4 /usr/lib/gcc/arm-none-eabi/10.2.0/thumb/v7e-m+fp/hard/crtbegin.o
                0x0000000008007d44                PROVIDE (__fini_array_end = .)
                0x0000000008007d44                . = ALIGN (0x4)
                0x0000000008007d44                _sidata = LOADADDR (.data)

.data           0x0000000020000000      0x200 load address 0x0000000008007d44
                0x0000000020000000                . = ALIGN (0x4)
                0x0000000020000000                _sdata = .
 *(.data)
 *(.data*)
 .data.Arr      0x0000000020000000       0x24 App/Src/tmain.o
                0x0000000020000000                Arr
 .data.SystemCoreClock
                0x0000000020000024        0x4 Core/Src/system_stm32f4xx.o
                0x0000000020000024                SystemCoreClock
 .data.uwTickPrio
                0x0000000020000028        0x4 Drivers/STM32F4xx_HAL_Driver/Src/stm32f4xx_hal.o
                0x0000000020000028                uwTickPrio
 .data.uwTickFreq
                0x000000002000002c        0x1 Drivers/STM32F4xx_HAL_Driver/Src/stm32f4xx_hal.o
                0x000000002000002c                uwTickFreq
 *fill*         0x000000002000002d        0x3 
 .data._impure_ptr
                0x0000000020000030        0x4 /usr/lib/gcc/arm-none-eabi/10.2.0/../../../../arm-none-eabi/lib/thumb/v7e-m+fp/hard/libc_nano.a(lib_a-impure.o)
                0x0000000020000030                _impure_ptr
 .data.impure_data
                0x0000000020000034       0x60 /usr/lib/gcc/arm-none-eabi/10.2.0/../../../../arm-none-eabi/lib/thumb/v7e-m+fp/hard/libc_nano.a(lib_a-impure.o)
 .data.__global_locale
                0x0000000020000094      0x16c /usr/lib/gcc/arm-none-eabi/10.2.0/../../../../arm-none-eabi/lib/thumb/v7e-m+fp/hard/libc_nano.a(lib_a-locale.o)
                0x0000000020000094                __global_locale
                0x0000000020000200                . = ALIGN (0x4)
                0x0000000020000200                _edata = .

.igot.plt       0x0000000020000200        0x0 load address 0x0000000008007f44
 .igot.plt      0x0000000020000200        0x0 /usr/lib/gcc/arm-none-eabi/10.2.0/thumb/v7e-m+fp/hard/crtbegin.o
                0x0000000020000200                . = ALIGN (0x4)

.bss            0x0000000020000200      0x144 load address 0x0000000008007f44
                0x0000000020000200                _sbss = .
                0x0000000020000200                __bss_start__ = _sbss
 *(.bss)
 *(.bss*)
 .bss.completed.1
                0x0000000020000200        0x1 /usr/lib/gcc/arm-none-eabi/10.2.0/thumb/v7e-m+fp/hard/crtbegin.o
 *fill*         0x0000000020000201        0x3 
 .bss.object.0  0x0000000020000204       0x18 /usr/lib/gcc/arm-none-eabi/10.2.0/thumb/v7e-m+fp/hard/crtbegin.o
 .bss.arr.4     0x000000002000021c        0xc App/Src/tmain.o
 .bss.arr.3     0x0000000020000228        0xc App/Src/tmain.o
 .bss.arr.2     0x0000000020000234       0x24 App/Src/tmain.o
 .bss.arr.1     0x0000000020000258       0x24 App/Src/tmain.o
 .bss.arr.0     0x000000002000027c       0x24 App/Src/tmain.o
 .bss.hadc1     0x00000000200002a0       0x48 Core/Src/main.o
                0x00000000200002a0                hadc1
 .bss.huart1    0x00000000200002e8       0x44 Core/Src/main.o
                0x00000000200002e8                huart1
 .bss.__sbrk_heap_end
                0x000000002000032c        0x4 Core/Src/sysmem.o
 .bss.uwTick    0x0000000020000330        0x4 Drivers/STM32F4xx_HAL_Driver/Src/stm32f4xx_hal.o
                0x0000000020000330                uwTick
 .bss.__lock___malloc_recursive_mutex
                0x0000000020000334        0x1 /usr/lib/gcc/arm-none-eabi/10.2.0/../../../../arm-none-eabi/lib/thumb/v7e-m+fp/hard/libc_nano.a(lib_a-lock.o)
                0x0000000020000334                __lock___malloc_recursive_mutex
 .bss.__lock___sfp_recursive_mutex
                0x0000000020000335        0x1 /usr/lib/gcc/arm-none-eabi/10.2.0/../../../../arm-none-eabi/lib/thumb/v7e-m+fp/hard/libc_nano.a(lib_a-lock.o)
                0x0000000020000335                __lock___sfp_recursive_mutex
 .bss.__lock___sinit_recursive_mutex
                0x0000000020000336        0x1 /usr/lib/gcc/arm-none-eabi/10.2.0/../../../../arm-none-eabi/lib/thumb/v7e-m+fp/hard/libc_nano.a(lib_a-lock.o)
                0x0000000020000336                __lock___sinit_recursive_mutex
 *fill*         0x0000000020000337        0x1 
 .bss.__malloc_free_list
                0x0000000020000338        0x4 /usr/lib/gcc/arm-none-eabi/10.2.0/../../../../arm-none-eabi/lib/thumb/v7e-m+fp/hard/libc_nano.a(lib_a-nano-mallocr.o)
                0x0000000020000338                __malloc_free_list
 .bss.__malloc_sbrk_start
                0x000000002000033c        0x4 /usr/lib/gcc/arm-none-eabi/10.2.0/../../../../arm-none-eabi/lib/thumb/v7e-m+fp/hard/libc_nano.a(lib_a-nano-mallocr.o)
                0x000000002000033c                __malloc_sbrk_start
 .bss.errno     0x0000000020000340        0x4 /usr/lib/gcc/arm-none-eabi/10.2.0/../../../../arm-none-eabi/lib/thumb/v7e-m+fp/hard/libc_nano.a(lib_a-reent.o)
                0x0000000020000340                errno
 *(COMMON)
                0x0000000020000344                . = ALIGN (0x4)
                0x0000000020000344                _ebss = .
                0x0000000020000344                __bss_end__ = _ebss

._user_heap_stack
                0x0000000020000344      0x604 load address 0x0000000008007f44
                0x0000000020000348                . = ALIGN (0x8)
 *fill*         0x0000000020000344        0x4 
                [!provide]                        PROVIDE (end = .)
                0x0000000020000348                PROVIDE (_end = .)
                0x0000000020000548                . = (. + _Min_Heap_Size)
 *fill*         0x0000000020000348      0x200 
                0x0000000020000948                . = (. + _Min_Stack_Size)
 *fill*         0x0000000020000548      0x400 
                0x0000000020000948                . = ALIGN (0x8)

/DISCARD/
 libc.a(*)
 libm.a(*)
 libgcc.a(*)

.ARM.attributes
                0x0000000000000000       0x30
 *(.ARM.attributes)
 .ARM.attributes
                0x0000000000000000       0x1e /usr/lib/gcc/arm-none-eabi/10.2.0/thumb/v7e-m+fp/hard/crti.o
 .ARM.attributes
                0x000000000000001e       0x34 /usr/lib/gcc/arm-none-eabi/10.2.0/thumb/v7e-m+fp/hard/crtbegin.o
 .ARM.attributes
                0x0000000000000052       0x34 App/Src/lds.o
 .ARM.attributes
                0x0000000000000086       0x34 App/Src/matrix.o
 .ARM.attributes
                0x00000000000000ba       0x34 App/Src/tmain.o
 .ARM.attributes
                0x00000000000000ee       0x34 Core/Src/main.o
 .ARM.attributes
                0x0000000000000122       0x34 Core/Src/stm32f4xx_hal_msp.o
 .ARM.attributes
                0x0000000000000156       0x34 Core/Src/stm32f4xx_it.o
 .ARM.attributes
                0x000000000000018a       0x34 Core/Src/syscalls.o
 .ARM.attributes
                0x00000000000001be       0x34 Core/Src/sysmem.o
 .ARM.attributes
                0x00000000000001f2       0x34 Core/Src/system_stm32f4xx.o
 .ARM.attributes
                0x0000000000000226       0x21 Core/Startup/startup_stm32f407zetx.o
 .ARM.attributes
                0x0000000000000247       0x34 Drivers/STM32F4xx_HAL_Driver/Src/stm32f4xx_hal.o
 .ARM.attributes
                0x000000000000027b       0x34 Drivers/STM32F4xx_HAL_Driver/Src/stm32f4xx_hal_adc.o
 .ARM.attributes
                0x00000000000002af       0x34 Drivers/STM32F4xx_HAL_Driver/Src/stm32f4xx_hal_cortex.o
 .ARM.attributes
                0x00000000000002e3       0x34 Drivers/STM32F4xx_HAL_Driver/Src/stm32f4xx_hal_gpio.o
 .ARM.attributes
                0x0000000000000317       0x34 Drivers/STM32F4xx_HAL_Driver/Src/stm32f4xx_hal_rcc.o
 .ARM.attributes
                0x000000000000034b       0x34 Drivers/STM32F4xx_HAL_Driver/Src/stm32f4xx_hal_uart.o
 .ARM.attributes
                0x000000000000037f       0x34 /usr/lib/gcc/arm-none-eabi/10.2.0/../../../../arm-none-eabi/lib/thumb/v7e-m+fp/hard/libc_nano.a(lib_a-assert.o)
 .ARM.attributes
                0x00000000000003b3       0x34 /usr/lib/gcc/arm-none-eabi/10.2.0/../../../../arm-none-eabi/lib/thumb/v7e-m+fp/hard/libc_nano.a(lib_a-errno.o)
 .ARM.attributes
                0x00000000000003e7       0x34 /usr/lib/gcc/arm-none-eabi/10.2.0/../../../../arm-none-eabi/lib/thumb/v7e-m+fp/hard/libc_nano.a(lib_a-fprintf.o)
 .ARM.attributes
                0x000000000000041b       0x34 /usr/lib/gcc/arm-none-eabi/10.2.0/../../../../arm-none-eabi/lib/thumb/v7e-m+fp/hard/libc_nano.a(lib_a-fwrite.o)
 .ARM.attributes
                0x000000000000044f       0x32 /usr/lib/gcc/arm-none-eabi/10.2.0/../../../../arm-none-eabi/lib/thumb/v7e-m+fp/hard/libc_nano.a(lib_a-impure.o)
 .ARM.attributes
                0x0000000000000481       0x34 /usr/lib/gcc/arm-none-eabi/10.2.0/../../../../arm-none-eabi/lib/thumb/v7e-m+fp/hard/libc_nano.a(lib_a-init.o)
 .ARM.attributes
                0x00000000000004b5       0x34 /usr/lib/gcc/arm-none-eabi/10.2.0/../../../../arm-none-eabi/lib/thumb/v7e-m+fp/hard/libc_nano.a(lib_a-lock.o)
 .ARM.attributes
                0x00000000000004e9       0x34 /usr/lib/gcc/arm-none-eabi/10.2.0/../../../../arm-none-eabi/lib/thumb/v7e-m+fp/hard/libc_nano.a(lib_a-malloc.o)
 .ARM.attributes
                0x000000000000051d       0x34 /usr/lib/gcc/arm-none-eabi/10.2.0/../../../../arm-none-eabi/lib/thumb/v7e-m+fp/hard/libc_nano.a(lib_a-memset.o)
 .ARM.attributes
                0x0000000000000551       0x34 /usr/lib/gcc/arm-none-eabi/10.2.0/../../../../arm-none-eabi/lib/thumb/v7e-m+fp/hard/libc_nano.a(lib_a-nano-freer.o)
 .ARM.attributes
                0x0000000000000585       0x34 /usr/lib/gcc/arm-none-eabi/10.2.0/../../../../arm-none-eabi/lib/thumb/v7e-m+fp/hard/libc_nano.a(lib_a-nano-mallocr.o)
 .ARM.attributes
                0x00000000000005b9       0x34 /usr/lib/gcc/arm-none-eabi/10.2.0/../../../../arm-none-eabi/lib/thumb/v7e-m+fp/hard/libc_nano.a(lib_a-nano-vfprintf_float.o)
 .ARM.attributes
                0x00000000000005ed       0x34 /usr/lib/gcc/arm-none-eabi/10.2.0/../../../../arm-none-eabi/lib/thumb/v7e-m+fp/hard/libc_nano.a(lib_a-nano-vfprintf_i.o)
 .ARM.attributes
                0x0000000000000621       0x34 /usr/lib/gcc/arm-none-eabi/10.2.0/../../../../arm-none-eabi/lib/thumb/v7e-m+fp/hard/libc_nano.a(lib_a-nano-vfprintf.o)
 .ARM.attributes
                0x0000000000000655       0x34 /usr/lib/gcc/arm-none-eabi/10.2.0/../../../../arm-none-eabi/lib/thumb/v7e-m+fp/hard/libc_nano.a(lib_a-printf.o)
 .ARM.attributes
                0x0000000000000689       0x34 /usr/lib/gcc/arm-none-eabi/10.2.0/../../../../arm-none-eabi/lib/thumb/v7e-m+fp/hard/libc_nano.a(lib_a-sbrkr.o)
 .ARM.attributes
                0x00000000000006bd       0x17 /usr/lib/gcc/arm-none-eabi/10.2.0/../../../../arm-none-eabi/lib/thumb/v7e-m+fp/hard/libc_nano.a(lib_a-strlen.o)
 .ARM.attributes
                0x00000000000006d4       0x34 /usr/lib/gcc/arm-none-eabi/10.2.0/../../../../arm-none-eabi/lib/thumb/v7e-m+fp/hard/libc_nano.a(lib_a-wbuf.o)
 .ARM.attributes
                0x0000000000000708       0x34 /usr/lib/gcc/arm-none-eabi/10.2.0/../../../../arm-none-eabi/lib/thumb/v7e-m+fp/hard/libc_nano.a(lib_a-wsetup.o)
 .ARM.attributes
                0x000000000000073c       0x34 /usr/lib/gcc/arm-none-eabi/10.2.0/../../../../arm-none-eabi/lib/thumb/v7e-m+fp/hard/libc_nano.a(lib_a-abort.o)
 .ARM.attributes
                0x0000000000000770       0x34 /usr/lib/gcc/arm-none-eabi/10.2.0/../../../../arm-none-eabi/lib/thumb/v7e-m+fp/hard/libc_nano.a(lib_a-dtoa.o)
 .ARM.attributes
                0x00000000000007a4       0x34 /usr/lib/gcc/arm-none-eabi/10.2.0/../../../../arm-none-eabi/lib/thumb/v7e-m+fp/hard/libc_nano.a(lib_a-fflush.o)
 .ARM.attributes
                0x00000000000007d8       0x34 /usr/lib/gcc/arm-none-eabi/10.2.0/../../../../arm-none-eabi/lib/thumb/v7e-m+fp/hard/libc_nano.a(lib_a-findfp.o)
 .ARM.attributes
                0x000000000000080c       0x34 /usr/lib/gcc/arm-none-eabi/10.2.0/../../../../arm-none-eabi/lib/thumb/v7e-m+fp/hard/libc_nano.a(lib_a-fwalk.o)
 .ARM.attributes
                0x0000000000000840       0x34 /usr/lib/gcc/arm-none-eabi/10.2.0/../../../../arm-none-eabi/lib/thumb/v7e-m+fp/hard/libc_nano.a(lib_a-localeconv.o)
 .ARM.attributes
                0x0000000000000874       0x34 /usr/lib/gcc/arm-none-eabi/10.2.0/../../../../arm-none-eabi/lib/thumb/v7e-m+fp/hard/libc_nano.a(lib_a-locale.o)
 .ARM.attributes
                0x00000000000008a8       0x34 /usr/lib/gcc/arm-none-eabi/10.2.0/../../../../arm-none-eabi/lib/thumb/v7e-m+fp/hard/libc_nano.a(lib_a-makebuf.o)
 .ARM.attributes
                0x00000000000008dc       0x34 /usr/lib/gcc/arm-none-eabi/10.2.0/../../../../arm-none-eabi/lib/thumb/v7e-m+fp/hard/libc_nano.a(lib_a-mbtowc_r.o)
 .ARM.attributes
                0x0000000000000910       0x1c /usr/lib/gcc/arm-none-eabi/10.2.0/../../../../arm-none-eabi/lib/thumb/v7e-m+fp/hard/libc_nano.a(lib_a-memchr.o)
 .ARM.attributes
                0x000000000000092c       0x34 /usr/lib/gcc/arm-none-eabi/10.2.0/../../../../arm-none-eabi/lib/thumb/v7e-m+fp/hard/libc_nano.a(lib_a-memcpy-stub.o)
 .ARM.attributes
                0x0000000000000960       0x34 /usr/lib/gcc/arm-none-eabi/10.2.0/../../../../arm-none-eabi/lib/thumb/v7e-m+fp/hard/libc_nano.a(lib_a-mlock.o)
 .ARM.attributes
                0x0000000000000994       0x34 /usr/lib/gcc/arm-none-eabi/10.2.0/../../../../arm-none-eabi/lib/thumb/v7e-m+fp/hard/libc_nano.a(lib_a-mprec.o)
 .ARM.attributes
                0x00000000000009c8       0x34 /usr/lib/gcc/arm-none-eabi/10.2.0/../../../../arm-none-eabi/lib/thumb/v7e-m+fp/hard/libc_nano.a(lib_a-nano-callocr.o)
 .ARM.attributes
                0x00000000000009fc       0x34 /usr/lib/gcc/arm-none-eabi/10.2.0/../../../../arm-none-eabi/lib/thumb/v7e-m+fp/hard/libc_nano.a(lib_a-reent.o)
 .ARM.attributes
                0x0000000000000a30       0x34 /usr/lib/gcc/arm-none-eabi/10.2.0/../../../../arm-none-eabi/lib/thumb/v7e-m+fp/hard/libc_nano.a(lib_a-signal.o)
 .ARM.attributes
                0x0000000000000a64       0x34 /usr/lib/gcc/arm-none-eabi/10.2.0/../../../../arm-none-eabi/lib/thumb/v7e-m+fp/hard/libc_nano.a(lib_a-signalr.o)
 .ARM.attributes
                0x0000000000000a98       0x34 /usr/lib/gcc/arm-none-eabi/10.2.0/../../../../arm-none-eabi/lib/thumb/v7e-m+fp/hard/libc_nano.a(lib_a-stdio.o)
 .ARM.attributes
                0x0000000000000acc       0x34 /usr/lib/gcc/arm-none-eabi/10.2.0/../../../../arm-none-eabi/lib/thumb/v7e-m+fp/hard/libc_nano.a(lib_a-wctomb_r.o)
 .ARM.attributes
                0x0000000000000b00       0x34 /usr/lib/gcc/arm-none-eabi/10.2.0/../../../../arm-none-eabi/lib/thumb/v7e-m+fp/hard/libc_nano.a(lib_a-writer.o)
 .ARM.attributes
                0x0000000000000b34       0x34 /usr/lib/gcc/arm-none-eabi/10.2.0/../../../../arm-none-eabi/lib/thumb/v7e-m+fp/hard/libc_nano.a(lib_a-closer.o)
 .ARM.attributes
                0x0000000000000b68       0x32 /usr/lib/gcc/arm-none-eabi/10.2.0/../../../../arm-none-eabi/lib/thumb/v7e-m+fp/hard/libc_nano.a(lib_a-ctype_.o)
 .ARM.attributes
                0x0000000000000b9a       0x34 /usr/lib/gcc/arm-none-eabi/10.2.0/../../../../arm-none-eabi/lib/thumb/v7e-m+fp/hard/libc_nano.a(lib_a-fstatr.o)
 .ARM.attributes
                0x0000000000000bce       0x34 /usr/lib/gcc/arm-none-eabi/10.2.0/../../../../arm-none-eabi/lib/thumb/v7e-m+fp/hard/libc_nano.a(lib_a-isattyr.o)
 .ARM.attributes
                0x0000000000000c02       0x34 /usr/lib/gcc/arm-none-eabi/10.2.0/../../../../arm-none-eabi/lib/thumb/v7e-m+fp/hard/libc_nano.a(lib_a-lseekr.o)
 .ARM.attributes
                0x0000000000000c36       0x34 /usr/lib/gcc/arm-none-eabi/10.2.0/../../../../arm-none-eabi/lib/thumb/v7e-m+fp/hard/libc_nano.a(lib_a-readr.o)
 .ARM.attributes
                0x0000000000000c6a       0x34 /usr/lib/gcc/arm-none-eabi/10.2.0/../../../../arm-none-eabi/lib/thumb/v7e-m+fp/hard/libm.a(lib_a-s_atan.o)
 .ARM.attributes
                0x0000000000000c9e       0x34 /usr/lib/gcc/arm-none-eabi/10.2.0/../../../../arm-none-eabi/lib/thumb/v7e-m+fp/hard/libm.a(lib_a-s_fabs.o)
 .ARM.attributes
                0x0000000000000cd2       0x34 /usr/lib/gcc/arm-none-eabi/10.2.0/../../../../arm-none-eabi/lib/thumb/v7e-m+fp/hard/libm.a(lib_a-w_acos.o)
 .ARM.attributes
                0x0000000000000d06       0x34 /usr/lib/gcc/arm-none-eabi/10.2.0/../../../../arm-none-eabi/lib/thumb/v7e-m+fp/hard/libm.a(lib_a-wf_sqrt.o)
 .ARM.attributes
                0x0000000000000d3a       0x34 /usr/lib/gcc/arm-none-eabi/10.2.0/../../../../arm-none-eabi/lib/thumb/v7e-m+fp/hard/libm.a(lib_a-e_acos.o)
 .ARM.attributes
                0x0000000000000d6e       0x34 /usr/lib/gcc/arm-none-eabi/10.2.0/../../../../arm-none-eabi/lib/thumb/v7e-m+fp/hard/libm.a(lib_a-ef_sqrt.o)
 .ARM.attributes
                0x0000000000000da2       0x34 /usr/lib/gcc/arm-none-eabi/10.2.0/../../../../arm-none-eabi/lib/thumb/v7e-m+fp/hard/libm.a(lib_a-e_sqrt.o)
 .ARM.attributes
                0x0000000000000dd6       0x34 /usr/lib/gcc/arm-none-eabi/10.2.0/../../../../arm-none-eabi/lib/thumb/v7e-m+fp/hard/libm.a(lib_a-s_nan.o)
 .ARM.attributes
                0x0000000000000e0a       0x1e /usr/lib/gcc/arm-none-eabi/10.2.0/thumb/v7e-m+fp/hard/libgcc.a(_arm_addsubdf3.o)
 .ARM.attributes
                0x0000000000000e28       0x1e /usr/lib/gcc/arm-none-eabi/10.2.0/thumb/v7e-m+fp/hard/libgcc.a(_arm_muldivdf3.o)
 .ARM.attributes
                0x0000000000000e46       0x1e /usr/lib/gcc/arm-none-eabi/10.2.0/thumb/v7e-m+fp/hard/libgcc.a(_arm_cmpdf2.o)
 .ARM.attributes
                0x0000000000000e64       0x1e /usr/lib/gcc/arm-none-eabi/10.2.0/thumb/v7e-m+fp/hard/libgcc.a(_arm_unorddf2.o)
 .ARM.attributes
                0x0000000000000e82       0x1e /usr/lib/gcc/arm-none-eabi/10.2.0/thumb/v7e-m+fp/hard/libgcc.a(_arm_fixdfsi.o)
 .ARM.attributes
                0x0000000000000ea0       0x1e /usr/lib/gcc/arm-none-eabi/10.2.0/thumb/v7e-m+fp/hard/libgcc.a(_arm_truncdfsf2.o)
 .ARM.attributes
                0x0000000000000ebe       0x1e /usr/lib/gcc/arm-none-eabi/10.2.0/thumb/v7e-m+fp/hard/libgcc.a(_aeabi_uldivmod.o)
 .ARM.attributes
                0x0000000000000edc       0x34 /usr/lib/gcc/arm-none-eabi/10.2.0/thumb/v7e-m+fp/hard/libgcc.a(_udivmoddi4.o)
 .ARM.attributes
                0x0000000000000f10       0x1e /usr/lib/gcc/arm-none-eabi/10.2.0/thumb/v7e-m+fp/hard/libgcc.a(_dvmd_tls.o)
 .ARM.attributes
                0x0000000000000f2e       0x1e /usr/lib/gcc/arm-none-eabi/10.2.0/thumb/v7e-m+fp/hard/crtn.o
OUTPUT(lds_on_stm32f407.elf elf32-littlearm)
LOAD linker stubs
LOAD /usr/lib/gcc/arm-none-eabi/10.2.0/../../../../arm-none-eabi/lib/thumb/v7e-m+fp/hard/libc.a
LOAD /usr/lib/gcc/arm-none-eabi/10.2.0/../../../../arm-none-eabi/lib/thumb/v7e-m+fp/hard/libm.a
LOAD /usr/lib/gcc/arm-none-eabi/10.2.0/thumb/v7e-m+fp/hard/libgcc.a

.debug_info     0x0000000000000000     0x9431
 .debug_info    0x0000000000000000      0x331 App/Src/lds.o
 .debug_info    0x0000000000000331     0x1200 App/Src/matrix.o
 .debug_info    0x0000000000001531      0xc03 App/Src/tmain.o
 .debug_info    0x0000000000002134      0xe09 Core/Src/main.o
 .debug_info    0x0000000000002f3d      0xc25 Core/Src/stm32f4xx_hal_msp.o
 .debug_info    0x0000000000003b62      0x119 Core/Src/stm32f4xx_it.o
 .debug_info    0x0000000000003c7b      0x6be Core/Src/syscalls.o
 .debug_info    0x0000000000004339      0x15f Core/Src/sysmem.o
 .debug_info    0x0000000000004498      0x523 Core/Src/system_stm32f4xx.o
 .debug_info    0x00000000000049bb       0x22 Core/Startup/startup_stm32f407zetx.o
 .debug_info    0x00000000000049dd      0x929 Drivers/STM32F4xx_HAL_Driver/Src/stm32f4xx_hal.o
 .debug_info    0x0000000000005306      0xcf4 Drivers/STM32F4xx_HAL_Driver/Src/stm32f4xx_hal_adc.o
 .debug_info    0x0000000000005ffa      0xe1b Drivers/STM32F4xx_HAL_Driver/Src/stm32f4xx_hal_cortex.o
 .debug_info    0x0000000000006e15      0x76a Drivers/STM32F4xx_HAL_Driver/Src/stm32f4xx_hal_gpio.o
 .debug_info    0x000000000000757f      0x921 Drivers/STM32F4xx_HAL_Driver/Src/stm32f4xx_hal_rcc.o
 .debug_info    0x0000000000007ea0     0x1591 Drivers/STM32F4xx_HAL_Driver/Src/stm32f4xx_hal_uart.o

.debug_abbrev   0x0000000000000000     0x1a77
 .debug_abbrev  0x0000000000000000      0x134 App/Src/lds.o
 .debug_abbrev  0x0000000000000134      0x2d8 App/Src/matrix.o
 .debug_abbrev  0x000000000000040c      0x1e7 App/Src/tmain.o
 .debug_abbrev  0x00000000000005f3      0x1e0 Core/Src/main.o
 .debug_abbrev  0x00000000000007d3      0x17f Core/Src/stm32f4xx_hal_msp.o
 .debug_abbrev  0x0000000000000952       0x61 Core/Src/stm32f4xx_it.o
 .debug_abbrev  0x00000000000009b3      0x191 Core/Src/syscalls.o
 .debug_abbrev  0x0000000000000b44       0xa6 Core/Src/sysmem.o
 .debug_abbrev  0x0000000000000bea      0x116 Core/Src/system_stm32f4xx.o
 .debug_abbrev  0x0000000000000d00       0x12 Core/Startup/startup_stm32f407zetx.o
 .debug_abbrev  0x0000000000000d12      0x1da Drivers/STM32F4xx_HAL_Driver/Src/stm32f4xx_hal.o
 .debug_abbrev  0x0000000000000eec      0x203 Drivers/STM32F4xx_HAL_Driver/Src/stm32f4xx_hal_adc.o
 .debug_abbrev  0x00000000000010ef      0x316 Drivers/STM32F4xx_HAL_Driver/Src/stm32f4xx_hal_cortex.o
 .debug_abbrev  0x0000000000001405      0x1c4 Drivers/STM32F4xx_HAL_Driver/Src/stm32f4xx_hal_gpio.o
 .debug_abbrev  0x00000000000015c9      0x262 Drivers/STM32F4xx_HAL_Driver/Src/stm32f4xx_hal_rcc.o
 .debug_abbrev  0x000000000000182b      0x24c Drivers/STM32F4xx_HAL_Driver/Src/stm32f4xx_hal_uart.o

.debug_aranges  0x0000000000000000      0x910
 .debug_aranges
                0x0000000000000000       0x30 App/Src/lds.o
 .debug_aranges
                0x0000000000000030       0xd8 App/Src/matrix.o
 .debug_aranges
                0x0000000000000108       0x38 App/Src/tmain.o
 .debug_aranges
                0x0000000000000140       0x48 Core/Src/main.o
 .debug_aranges
                0x0000000000000188       0x40 Core/Src/stm32f4xx_hal_msp.o
 .debug_aranges
                0x00000000000001c8       0x60 Core/Src/stm32f4xx_it.o
 .debug_aranges
                0x0000000000000228       0xa8 Core/Src/syscalls.o
 .debug_aranges
                0x00000000000002d0       0x20 Core/Src/sysmem.o
 .debug_aranges
                0x00000000000002f0       0x28 Core/Src/system_stm32f4xx.o
 .debug_aranges
                0x0000000000000318       0x28 Core/Startup/startup_stm32f407zetx.o
 .debug_aranges
                0x0000000000000340       0xf0 Drivers/STM32F4xx_HAL_Driver/Src/stm32f4xx_hal.o
 .debug_aranges
                0x0000000000000430       0xe8 Drivers/STM32F4xx_HAL_Driver/Src/stm32f4xx_hal_adc.o
 .debug_aranges
                0x0000000000000518      0x118 Drivers/STM32F4xx_HAL_Driver/Src/stm32f4xx_hal_cortex.o
 .debug_aranges
                0x0000000000000630       0x58 Drivers/STM32F4xx_HAL_Driver/Src/stm32f4xx_hal_gpio.o
 .debug_aranges
                0x0000000000000688       0x88 Drivers/STM32F4xx_HAL_Driver/Src/stm32f4xx_hal_rcc.o
 .debug_aranges
                0x0000000000000710      0x200 Drivers/STM32F4xx_HAL_Driver/Src/stm32f4xx_hal_uart.o

.debug_ranges   0x0000000000000000      0x848
 .debug_ranges  0x0000000000000000       0x20 App/Src/lds.o
 .debug_ranges  0x0000000000000020       0xc8 App/Src/matrix.o
 .debug_ranges  0x00000000000000e8       0x28 App/Src/tmain.o
 .debug_ranges  0x0000000000000110       0x38 Core/Src/main.o
 .debug_ranges  0x0000000000000148       0x30 Core/Src/stm32f4xx_hal_msp.o
 .debug_ranges  0x0000000000000178       0x50 Core/Src/stm32f4xx_it.o
 .debug_ranges  0x00000000000001c8       0x98 Core/Src/syscalls.o
 .debug_ranges  0x0000000000000260       0x10 Core/Src/sysmem.o
 .debug_ranges  0x0000000000000270       0x18 Core/Src/system_stm32f4xx.o
 .debug_ranges  0x0000000000000288       0x20 Core/Startup/startup_stm32f407zetx.o
 .debug_ranges  0x00000000000002a8       0xe0 Drivers/STM32F4xx_HAL_Driver/Src/stm32f4xx_hal.o
 .debug_ranges  0x0000000000000388       0xd8 Drivers/STM32F4xx_HAL_Driver/Src/stm32f4xx_hal_adc.o
 .debug_ranges  0x0000000000000460      0x108 Drivers/STM32F4xx_HAL_Driver/Src/stm32f4xx_hal_cortex.o
 .debug_ranges  0x0000000000000568       0x48 Drivers/STM32F4xx_HAL_Driver/Src/stm32f4xx_hal_gpio.o
 .debug_ranges  0x00000000000005b0       0x78 Drivers/STM32F4xx_HAL_Driver/Src/stm32f4xx_hal_rcc.o
 .debug_ranges  0x0000000000000628      0x220 Drivers/STM32F4xx_HAL_Driver/Src/stm32f4xx_hal_uart.o

.debug_macro    0x0000000000000000    0x22f32
 .debug_macro   0x0000000000000000      0x186 App/Src/lds.o
 .debug_macro   0x0000000000000186      0xa78 App/Src/lds.o
 .debug_macro   0x0000000000000bfe       0x22 App/Src/lds.o
 .debug_macro   0x0000000000000c20       0x4c App/Src/lds.o
 .debug_macro   0x0000000000000c6c       0x1e App/Src/lds.o
 .debug_macro   0x0000000000000c8a       0x94 App/Src/lds.o
 .debug_macro   0x0000000000000d1e       0x3c App/Src/lds.o
 .debug_macro   0x0000000000000d5a       0x34 App/Src/lds.o
 .debug_macro   0x0000000000000d8e       0x1c App/Src/lds.o
 .debug_macro   0x0000000000000daa      0x103 App/Src/lds.o
 .debug_macro   0x0000000000000ead       0x57 App/Src/lds.o
 .debug_macro   0x0000000000000f04       0x6a App/Src/lds.o
 .debug_macro   0x0000000000000f6e      0x1df App/Src/lds.o
 .debug_macro   0x000000000000114d       0x82 App/Src/lds.o
 .debug_macro   0x00000000000011cf      0x460 App/Src/lds.o
 .debug_macro   0x000000000000162f      0x104 App/Src/lds.o
 .debug_macro   0x0000000000001733       0x16 App/Src/lds.o
 .debug_macro   0x0000000000001749       0x43 App/Src/lds.o
 .debug_macro   0x000000000000178c       0x34 App/Src/lds.o
 .debug_macro   0x00000000000017c0       0x10 App/Src/lds.o
 .debug_macro   0x00000000000017d0       0x58 App/Src/lds.o
 .debug_macro   0x0000000000001828       0x71 App/Src/lds.o
 .debug_macro   0x0000000000001899       0x16 App/Src/lds.o
 .debug_macro   0x00000000000018af      0x12a App/Src/lds.o
 .debug_macro   0x00000000000019d9      0x341 App/Src/lds.o
 .debug_macro   0x0000000000001d1a      0x19b App/Src/lds.o
 .debug_macro   0x0000000000001eb5       0x16 App/Src/lds.o
 .debug_macro   0x0000000000001ecb       0x35 App/Src/lds.o
 .debug_macro   0x0000000000001f00       0x16 App/Src/lds.o
 .debug_macro   0x0000000000001f16       0x29 App/Src/lds.o
 .debug_macro   0x0000000000001f3f      0x229 App/Src/matrix.o
 .debug_macro   0x0000000000002168      0x174 App/Src/matrix.o
 .debug_macro   0x00000000000022dc       0x1c App/Src/matrix.o
 .debug_macro   0x00000000000022f8       0x10 App/Src/matrix.o
 .debug_macro   0x0000000000002308       0x10 App/Src/matrix.o
 .debug_macro   0x0000000000002318       0x1c App/Src/matrix.o
 .debug_macro   0x0000000000002334       0x52 App/Src/matrix.o
 .debug_macro   0x0000000000002386       0x22 App/Src/matrix.o
 .debug_macro   0x00000000000023a8       0x10 App/Src/matrix.o
 .debug_macro   0x00000000000023b8       0x52 App/Src/matrix.o
 .debug_macro   0x000000000000240a       0xd5 App/Src/matrix.o
 .debug_macro   0x00000000000024df       0x1c App/Src/matrix.o
 .debug_macro   0x00000000000024fb       0x3d App/Src/matrix.o
 .debug_macro   0x0000000000002538       0x16 App/Src/matrix.o
 .debug_macro   0x000000000000254e      0x145 App/Src/matrix.o
 .debug_macro   0x0000000000002693       0x10 App/Src/matrix.o
 .debug_macro   0x00000000000026a3      0x241 App/Src/matrix.o
 .debug_macro   0x00000000000028e4      0x3bc App/Src/tmain.o
 .debug_macro   0x0000000000002ca0      0x1e5 App/Src/tmain.o
 .debug_macro   0x0000000000002e85       0x10 App/Src/tmain.o
 .debug_macro   0x0000000000002e95      0x29b App/Src/tmain.o
 .debug_macro   0x0000000000003130       0x2e App/Src/tmain.o
 .debug_macro   0x000000000000315e       0x2f App/Src/tmain.o
 .debug_macro   0x000000000000318d       0x1c App/Src/tmain.o
 .debug_macro   0x00000000000031a9       0x22 App/Src/tmain.o
 .debug_macro   0x00000000000031cb       0xd9 App/Src/tmain.o
 .debug_macro   0x00000000000032a4     0x102d App/Src/tmain.o
 .debug_macro   0x00000000000042d1      0x11f App/Src/tmain.o
 .debug_macro   0x00000000000043f0    0x15e3c App/Src/tmain.o
 .debug_macro   0x000000000001a22c       0x43 App/Src/tmain.o
 .debug_macro   0x000000000001a26f     0x3659 App/Src/tmain.o
 .debug_macro   0x000000000001d8c8       0x56 App/Src/tmain.o
 .debug_macro   0x000000000001d91e      0x96b App/Src/tmain.o
 .debug_macro   0x000000000001e289      0x9fe App/Src/tmain.o
 .debug_macro   0x000000000001ec87      0x117 App/Src/tmain.o
 .debug_macro   0x000000000001ed9e      0x13e App/Src/tmain.o
 .debug_macro   0x000000000001eedc       0x82 App/Src/tmain.o
 .debug_macro   0x000000000001ef5e      0x174 App/Src/tmain.o
 .debug_macro   0x000000000001f0d2      0x287 App/Src/tmain.o
 .debug_macro   0x000000000001f359       0x5f App/Src/tmain.o
 .debug_macro   0x000000000001f3b8      0x236 App/Src/tmain.o
 .debug_macro   0x000000000001f5ee      0xb5b App/Src/tmain.o
 .debug_macro   0x0000000000020149      0x38b App/Src/tmain.o
 .debug_macro   0x00000000000204d4      0x176 App/Src/tmain.o
 .debug_macro   0x000000000002064a       0xf9 App/Src/tmain.o
 .debug_macro   0x0000000000020743      0x12c App/Src/tmain.o
 .debug_macro   0x000000000002086f      0x21e App/Src/tmain.o
 .debug_macro   0x0000000000020a8d       0x2e App/Src/tmain.o
 .debug_macro   0x0000000000020abb      0x11a App/Src/tmain.o
 .debug_macro   0x0000000000020bd5       0x7e App/Src/tmain.o
 .debug_macro   0x0000000000020c53       0x89 App/Src/tmain.o
 .debug_macro   0x0000000000020cdc      0x295 App/Src/tmain.o
 .debug_macro   0x0000000000020f71      0x12d App/Src/tmain.o
 .debug_macro   0x000000000002109e       0x28 App/Src/tmain.o
 .debug_macro   0x00000000000210c6      0x1f1 Core/Src/main.o
 .debug_macro   0x00000000000212b7       0x8e Core/Src/main.o
 .debug_macro   0x0000000000021345       0x51 Core/Src/main.o
 .debug_macro   0x0000000000021396       0x5c Core/Src/main.o
 .debug_macro   0x00000000000213f2      0x1f1 Core/Src/stm32f4xx_hal_msp.o
 .debug_macro   0x00000000000215e3      0x1fb Core/Src/stm32f4xx_it.o
 .debug_macro   0x00000000000217de      0x24c Core/Src/syscalls.o
 .debug_macro   0x0000000000021a2a       0x10 Core/Src/syscalls.o
 .debug_macro   0x0000000000021a3a       0x10 Core/Src/syscalls.o
 .debug_macro   0x0000000000021a4a       0x10 Core/Src/syscalls.o
 .debug_macro   0x0000000000021a5a       0x35 Core/Src/syscalls.o
 .debug_macro   0x0000000000021a8f      0x12c Core/Src/syscalls.o
 .debug_macro   0x0000000000021bbb       0x10 Core/Src/syscalls.o
 .debug_macro   0x0000000000021bcb      0x189 Core/Src/syscalls.o
 .debug_macro   0x0000000000021d54       0x16 Core/Src/syscalls.o
 .debug_macro   0x0000000000021d6a       0xce Core/Src/syscalls.o
 .debug_macro   0x0000000000021e38       0xff Core/Src/sysmem.o
 .debug_macro   0x0000000000021f37      0x23b Core/Src/sysmem.o
 .debug_macro   0x0000000000022172      0x1e8 Core/Src/system_stm32f4xx.o
 .debug_macro   0x000000000002235a      0x242 Drivers/STM32F4xx_HAL_Driver/Src/stm32f4xx_hal.o
 .debug_macro   0x000000000002259c      0x1e3 Drivers/STM32F4xx_HAL_Driver/Src/stm32f4xx_hal_adc.o
 .debug_macro   0x000000000002277f      0x1e2 Drivers/STM32F4xx_HAL_Driver/Src/stm32f4xx_hal_cortex.o
 .debug_macro   0x0000000000022961      0x1e8 Drivers/STM32F4xx_HAL_Driver/Src/stm32f4xx_hal_gpio.o
 .debug_macro   0x0000000000022b49      0x206 Drivers/STM32F4xx_HAL_Driver/Src/stm32f4xx_hal_rcc.o
 .debug_macro   0x0000000000022d4f      0x1e3 Drivers/STM32F4xx_HAL_Driver/Src/stm32f4xx_hal_uart.o

.debug_line     0x0000000000000000     0x826e
 .debug_line    0x0000000000000000      0x3da App/Src/lds.o
 .debug_line    0x00000000000003da      0xc80 App/Src/matrix.o
 .debug_line    0x000000000000105a      0x761 App/Src/tmain.o
 .debug_line    0x00000000000017bb      0x5ca Core/Src/main.o
 .debug_line    0x0000000000001d85      0x522 Core/Src/stm32f4xx_hal_msp.o
 .debug_line    0x00000000000022a7      0x54a Core/Src/stm32f4xx_it.o
 .debug_line    0x00000000000027f1      0x51f Core/Src/syscalls.o
 .debug_line    0x0000000000002d10      0x215 Core/Src/sysmem.o
 .debug_line    0x0000000000002f25      0x515 Core/Src/system_stm32f4xx.o
 .debug_line    0x000000000000343a       0x85 Core/Startup/startup_stm32f407zetx.o
 .debug_line    0x00000000000034bf      0x775 Drivers/STM32F4xx_HAL_Driver/Src/stm32f4xx_hal.o
 .debug_line    0x0000000000003c34      0xfff Drivers/STM32F4xx_HAL_Driver/Src/stm32f4xx_hal_adc.o
 .debug_line    0x0000000000004c33      0xa24 Drivers/STM32F4xx_HAL_Driver/Src/stm32f4xx_hal_cortex.o
 .debug_line    0x0000000000005657      0x8ed Drivers/STM32F4xx_HAL_Driver/Src/stm32f4xx_hal_gpio.o
 .debug_line    0x0000000000005f44      0xaef Drivers/STM32F4xx_HAL_Driver/Src/stm32f4xx_hal_rcc.o
 .debug_line    0x0000000000006a33     0x183b Drivers/STM32F4xx_HAL_Driver/Src/stm32f4xx_hal_uart.o

.debug_str      0x0000000000000000    0xd1b12
 .debug_str     0x0000000000000000     0x8478 App/Src/lds.o
                                       0x8675 (size before relaxing)
 .debug_str     0x0000000000008478     0x194f App/Src/matrix.o
                                       0x85b0 (size before relaxing)
 .debug_str     0x0000000000009dc7    0xc4af5 App/Src/tmain.o
                                      0xce137 (size before relaxing)
 .debug_str     0x00000000000ce8bc      0x2fa Core/Src/main.o
                                      0xc8d27 (size before relaxing)
 .debug_str     0x00000000000cebb6       0x7d Core/Src/stm32f4xx_hal_msp.o
                                      0xc8b9c (size before relaxing)
 .debug_str     0x00000000000cec33       0xbd Core/Src/stm32f4xx_it.o
                                      0xc8490 (size before relaxing)
 .debug_str     0x00000000000cecf0     0x11d3 Core/Src/syscalls.o
                                       0x8a3f (size before relaxing)
 .debug_str     0x00000000000cfec3       0x6b Core/Src/sysmem.o
                                       0x5d8b (size before relaxing)
 .debug_str     0x00000000000cff2e       0xf0 Core/Src/system_stm32f4xx.o
                                      0xc8561 (size before relaxing)
 .debug_str     0x00000000000d001e       0x36 Core/Startup/startup_stm32f407zetx.o
                                         0x7b (size before relaxing)
 .debug_str     0x00000000000d0054      0xada Drivers/STM32F4xx_HAL_Driver/Src/stm32f4xx_hal.o
                                      0xc9081 (size before relaxing)
 .debug_str     0x00000000000d0b2e      0x2a2 Drivers/STM32F4xx_HAL_Driver/Src/stm32f4xx_hal_adc.o
                                      0xc8adc (size before relaxing)
 .debug_str     0x00000000000d0dd0      0x39c Drivers/STM32F4xx_HAL_Driver/Src/stm32f4xx_hal_cortex.o
                                      0xc8e03 (size before relaxing)
 .debug_str     0x00000000000d116c      0x15a Drivers/STM32F4xx_HAL_Driver/Src/stm32f4xx_hal_gpio.o
                                      0xc86c7 (size before relaxing)
 .debug_str     0x00000000000d12c6      0x259 Drivers/STM32F4xx_HAL_Driver/Src/stm32f4xx_hal_rcc.o
                                      0xc8959 (size before relaxing)
 .debug_str     0x00000000000d151f      0x5f3 Drivers/STM32F4xx_HAL_Driver/Src/stm32f4xx_hal_uart.o
                                      0xc8e84 (size before relaxing)

.comment        0x0000000000000000       0x1e
 .comment       0x0000000000000000       0x1e App/Src/lds.o
                                         0x1f (size before relaxing)
 .comment       0x000000000000001e       0x1f App/Src/matrix.o
 .comment       0x000000000000001e       0x1f App/Src/tmain.o
 .comment       0x000000000000001e       0x1f Core/Src/main.o
 .comment       0x000000000000001e       0x1f Core/Src/stm32f4xx_hal_msp.o
 .comment       0x000000000000001e       0x1f Core/Src/stm32f4xx_it.o
 .comment       0x000000000000001e       0x1f Core/Src/syscalls.o
 .comment       0x000000000000001e       0x1f Core/Src/sysmem.o
 .comment       0x000000000000001e       0x1f Core/Src/system_stm32f4xx.o
 .comment       0x000000000000001e       0x1f Drivers/STM32F4xx_HAL_Driver/Src/stm32f4xx_hal.o
 .comment       0x000000000000001e       0x1f Drivers/STM32F4xx_HAL_Driver/Src/stm32f4xx_hal_adc.o
 .comment       0x000000000000001e       0x1f Drivers/STM32F4xx_HAL_Driver/Src/stm32f4xx_hal_cortex.o
 .comment       0x000000000000001e       0x1f Drivers/STM32F4xx_HAL_Driver/Src/stm32f4xx_hal_gpio.o
 .comment       0x000000000000001e       0x1f Drivers/STM32F4xx_HAL_Driver/Src/stm32f4xx_hal_rcc.o
 .comment       0x000000000000001e       0x1f Drivers/STM32F4xx_HAL_Driver/Src/stm32f4xx_hal_uart.o

.debug_frame    0x0000000000000000     0x36d0
 .debug_frame   0x0000000000000000       0x9c App/Src/lds.o
 .debug_frame   0x000000000000009c      0x3d8 App/Src/matrix.o
 .debug_frame   0x0000000000000474       0xb0 App/Src/tmain.o
 .debug_frame   0x0000000000000524       0xd4 Core/Src/main.o
 .debug_frame   0x00000000000005f8       0xc8 Core/Src/stm32f4xx_hal_msp.o
 .debug_frame   0x00000000000006c0      0x10c Core/Src/stm32f4xx_it.o
 .debug_frame   0x00000000000007cc      0x2ac Core/Src/syscalls.o
 .debug_frame   0x0000000000000a78       0x34 Core/Src/sysmem.o
 .debug_frame   0x0000000000000aac       0x58 Core/Src/system_stm32f4xx.o
 .debug_frame   0x0000000000000b04      0x374 Drivers/STM32F4xx_HAL_Driver/Src/stm32f4xx_hal.o
 .debug_frame   0x0000000000000e78      0x3fc Drivers/STM32F4xx_HAL_Driver/Src/stm32f4xx_hal_adc.o
 .debug_frame   0x0000000000001274      0x498 Drivers/STM32F4xx_HAL_Driver/Src/stm32f4xx_hal_cortex.o
 .debug_frame   0x000000000000170c      0x14c Drivers/STM32F4xx_HAL_Driver/Src/stm32f4xx_hal_gpio.o
 .debug_frame   0x0000000000001858      0x1f4 Drivers/STM32F4xx_HAL_Driver/Src/stm32f4xx_hal_rcc.o
 .debug_frame   0x0000000000001a4c      0x924 Drivers/STM32F4xx_HAL_Driver/Src/stm32f4xx_hal_uart.o
 .debug_frame   0x0000000000002370       0x40 /usr/lib/gcc/arm-none-eabi/10.2.0/../../../../arm-none-eabi/lib/thumb/v7e-m+fp/hard/libc_nano.a(lib_a-assert.o)
 .debug_frame   0x00000000000023b0       0x20 /usr/lib/gcc/arm-none-eabi/10.2.0/../../../../arm-none-eabi/lib/thumb/v7e-m+fp/hard/libc_nano.a(lib_a-errno.o)
 .debug_frame   0x00000000000023d0       0x64 /usr/lib/gcc/arm-none-eabi/10.2.0/../../../../arm-none-eabi/lib/thumb/v7e-m+fp/hard/libc_nano.a(lib_a-fprintf.o)
 .debug_frame   0x0000000000002434       0x4c /usr/lib/gcc/arm-none-eabi/10.2.0/../../../../arm-none-eabi/lib/thumb/v7e-m+fp/hard/libc_nano.a(lib_a-fwrite.o)
 .debug_frame   0x0000000000002480       0x2c /usr/lib/gcc/arm-none-eabi/10.2.0/../../../../arm-none-eabi/lib/thumb/v7e-m+fp/hard/libc_nano.a(lib_a-init.o)
 .debug_frame   0x00000000000024ac       0xb0 /usr/lib/gcc/arm-none-eabi/10.2.0/../../../../arm-none-eabi/lib/thumb/v7e-m+fp/hard/libc_nano.a(lib_a-lock.o)
 .debug_frame   0x000000000000255c       0x30 /usr/lib/gcc/arm-none-eabi/10.2.0/../../../../arm-none-eabi/lib/thumb/v7e-m+fp/hard/libc_nano.a(lib_a-malloc.o)
 .debug_frame   0x000000000000258c       0x20 /usr/lib/gcc/arm-none-eabi/10.2.0/../../../../arm-none-eabi/lib/thumb/v7e-m+fp/hard/libc_nano.a(lib_a-memset.o)
 .debug_frame   0x00000000000025ac       0x38 /usr/lib/gcc/arm-none-eabi/10.2.0/../../../../arm-none-eabi/lib/thumb/v7e-m+fp/hard/libc_nano.a(lib_a-nano-freer.o)